Archive member included to satisfy reference by file (symbol)

C:/Users/capunom/STM32CubeIDE_2.2.0/STM32CubeIDE/plugins/com.st.stm32cube.ide.mcu.externaltools.gnu-tools-for-stm32.14.3.rel1.win32_1.0.100.202602081740/tools/bin/../lib/gcc/arm-none-eabi/14.3.1/../../../../arm-none-eabi/lib/thumb/v7e-m+fp/hard\libc_nano.a(libc_a-exit.o)
                              C:/Users/capunom/STM32CubeIDE_2.2.0/STM32CubeIDE/plugins/com.st.stm32cube.ide.mcu.externaltools.gnu-tools-for-stm32.14.3.rel1.win32_1.0.100.202602081740/tools/bin/../lib/gcc/arm-none-eabi/14.3.1/../../../../arm-none-eabi/lib/thumb/v7e-m+fp/hard/crt0.o (exit)
C:/Users/capunom/STM32CubeIDE_2.2.0/STM32CubeIDE/plugins/com.st.stm32cube.ide.mcu.externaltools.gnu-tools-for-stm32.14.3.rel1.win32_1.0.100.202602081740/tools/bin/../lib/gcc/arm-none-eabi/14.3.1/../../../../arm-none-eabi/lib/thumb/v7e-m+fp/hard\libc_nano.a(libc_a-malloc.o)
                              ./Middlewares/ST/STM32_USB_Host_Library/Class/CDC/Src/usbh_cdc.o (malloc)
C:/Users/capunom/STM32CubeIDE_2.2.0/STM32CubeIDE/plugins/com.st.stm32cube.ide.mcu.externaltools.gnu-tools-for-stm32.14.3.rel1.win32_1.0.100.202602081740/tools/bin/../lib/gcc/arm-none-eabi/14.3.1/../../../../arm-none-eabi/lib/thumb/v7e-m+fp/hard\libc_nano.a(libc_a-mallocr.o)
                              C:/Users/capunom/STM32CubeIDE_2.2.0/STM32CubeIDE/plugins/com.st.stm32cube.ide.mcu.externaltools.gnu-tools-for-stm32.14.3.rel1.win32_1.0.100.202602081740/tools/bin/../lib/gcc/arm-none-eabi/14.3.1/../../../../arm-none-eabi/lib/thumb/v7e-m+fp/hard\libc_nano.a(libc_a-malloc.o) (_malloc_r)
C:/Users/capunom/STM32CubeIDE_2.2.0/STM32CubeIDE/plugins/com.st.stm32cube.ide.mcu.externaltools.gnu-tools-for-stm32.14.3.rel1.win32_1.0.100.202602081740/tools/bin/../lib/gcc/arm-none-eabi/14.3.1/../../../../arm-none-eabi/lib/thumb/v7e-m+fp/hard\libc_nano.a(libc_a-mlock.o)
                              C:/Users/capunom/STM32CubeIDE_2.2.0/STM32CubeIDE/plugins/com.st.stm32cube.ide.mcu.externaltools.gnu-tools-for-stm32.14.3.rel1.win32_1.0.100.202602081740/tools/bin/../lib/gcc/arm-none-eabi/14.3.1/../../../../arm-none-eabi/lib/thumb/v7e-m+fp/hard\libc_nano.a(libc_a-mallocr.o) (__malloc_lock)
C:/Users/capunom/STM32CubeIDE_2.2.0/STM32CubeIDE/plugins/com.st.stm32cube.ide.mcu.externaltools.gnu-tools-for-stm32.14.3.rel1.win32_1.0.100.202602081740/tools/bin/../lib/gcc/arm-none-eabi/14.3.1/../../../../arm-none-eabi/lib/thumb/v7e-m+fp/hard\libc_nano.a(libc_a-findfp.o)
                              C:/Users/capunom/STM32CubeIDE_2.2.0/STM32CubeIDE/plugins/com.st.stm32cube.ide.mcu.externaltools.gnu-tools-for-stm32.14.3.rel1.win32_1.0.100.202602081740/tools/bin/../lib/gcc/arm-none-eabi/14.3.1/../../../../arm-none-eabi/lib/thumb/v7e-m+fp/hard\libc_nano.a(libc_a-exit.o) (__stdio_exit_handler)
C:/Users/capunom/STM32CubeIDE_2.2.0/STM32CubeIDE/plugins/com.st.stm32cube.ide.mcu.externaltools.gnu-tools-for-stm32.14.3.rel1.win32_1.0.100.202602081740/tools/bin/../lib/gcc/arm-none-eabi/14.3.1/../../../../arm-none-eabi/lib/thumb/v7e-m+fp/hard\libc_nano.a(libc_a-fwalk.o)
                              C:/Users/capunom/STM32CubeIDE_2.2.0/STM32CubeIDE/plugins/com.st.stm32cube.ide.mcu.externaltools.gnu-tools-for-stm32.14.3.rel1.win32_1.0.100.202602081740/tools/bin/../lib/gcc/arm-none-eabi/14.3.1/../../../../arm-none-eabi/lib/thumb/v7e-m+fp/hard\libc_nano.a(libc_a-findfp.o) (_fwalk_sglue)
C:/Users/capunom/STM32CubeIDE_2.2.0/STM32CubeIDE/plugins/com.st.stm32cube.ide.mcu.externaltools.gnu-tools-for-stm32.14.3.rel1.win32_1.0.100.202602081740/tools/bin/../lib/gcc/arm-none-eabi/14.3.1/../../../../arm-none-eabi/lib/thumb/v7e-m+fp/hard\libc_nano.a(libc_a-stdio.o)
                              C:/Users/capunom/STM32CubeIDE_2.2.0/STM32CubeIDE/plugins/com.st.stm32cube.ide.mcu.externaltools.gnu-tools-for-stm32.14.3.rel1.win32_1.0.100.202602081740/tools/bin/../lib/gcc/arm-none-eabi/14.3.1/../../../../arm-none-eabi/lib/thumb/v7e-m+fp/hard\libc_nano.a(libc_a-findfp.o) (__sread)
C:/Users/capunom/STM32CubeIDE_2.2.0/STM32CubeIDE/plugins/com.st.stm32cube.ide.mcu.externaltools.gnu-tools-for-stm32.14.3.rel1.win32_1.0.100.202602081740/tools/bin/../lib/gcc/arm-none-eabi/14.3.1/../../../../arm-none-eabi/lib/thumb/v7e-m+fp/hard\libc_nano.a(libc_a-memset.o)
                              C:/Users/capunom/STM32CubeIDE_2.2.0/STM32CubeIDE/plugins/com.st.stm32cube.ide.mcu.externaltools.gnu-tools-for-stm32.14.3.rel1.win32_1.0.100.202602081740/tools/bin/../lib/gcc/arm-none-eabi/14.3.1/../../../../arm-none-eabi/lib/thumb/v7e-m+fp/hard/crt0.o (memset)
C:/Users/capunom/STM32CubeIDE_2.2.0/STM32CubeIDE/plugins/com.st.stm32cube.ide.mcu.externaltools.gnu-tools-for-stm32.14.3.rel1.win32_1.0.100.202602081740/tools/bin/../lib/gcc/arm-none-eabi/14.3.1/../../../../arm-none-eabi/lib/thumb/v7e-m+fp/hard\libc_nano.a(libc_a-closer.o)
[...]
Memory Configuration

Name             Origin             Length             Attributes
CCMRAM           0x10000000         0x00010000         xrw
RAM              0x20000000         0x00020000         xrw
FLASH            0x08000000         0x00100000         xr
*default*        0x00000000         0xffffffff

Linker script and memory map

LOAD C:/Users/capunom/STM32CubeIDE_2.2.0/STM32CubeIDE/plugins/com.st.stm32cube.ide.mcu.externaltools.gnu-tools-for-stm32.14.3.rel1.win32_1.0.100.202602081740/tools/bin/../lib/gcc/arm-none-eabi/14.3.1/thumb/v7e-m+fp/hard/crti.o
LOAD C:/Users/capunom/STM32CubeIDE_2.2.0/STM32CubeIDE/plugins/com.st.stm32cube.ide.mcu.externaltools.gnu-tools-for-stm32.14.3.rel1.win32_1.0.100.202602081740/tools/bin/../lib/gcc/arm-none-eabi/14.3.1/thumb/v7e-m+fp/hard/crtbegin.o
LOAD C:/Users/capunom/STM32CubeIDE_2.2.0/STM32CubeIDE/plugins/com.st.stm32cube.ide.mcu.externaltools.gnu-tools-for-stm32.14.3.rel1.win32_1.0.100.202602081740/tools/bin/../lib/gcc/arm-none-eabi/14.3.1/../../../../arm-none-eabi/lib/thumb/v7e-m+fp/hard/crt0.o
LOAD ./Core/Src/freertos.o
LOAD ./Core/Src/main.o
LOAD ./Core/Src/stm32f4xx_hal_msp.o
LOAD ./Core/Src/stm32f4xx_hal_timebase_tim.o
LOAD ./Core/Src/stm32f4xx_it.o
LOAD ./Core/Src/syscalls.o
LOAD ./Core/Src/sysmem.o
LOAD ./Core/Src/system_stm32f4xx.o
LOAD ./Core/Startup/startup_stm32f407vgtx.o
LOAD ./Drivers/STM32F4xx_HAL_Driver/Src/stm32f4xx_hal.o
LOAD ./Drivers/STM32F4xx_HAL_Driver/Src/stm32f4xx_hal_adc.o
LOAD ./Drivers/STM32F4xx_HAL_Driver/Src/stm32f4xx_hal_adc_ex.o
LOAD ./Drivers/STM32F4xx_HAL_Driver/Src/stm32f4xx_hal_cortex.o
LOAD ./Drivers/STM32F4xx_HAL_Driver/Src/stm32f4xx_hal_dma.o
LOAD ./Drivers/STM32F4xx_HAL_Driver/Src/stm32f4xx_hal_dma_ex.o
LOAD ./Drivers/STM32F4xx_HAL_Driver/Src/stm32f4xx_hal_exti.o
LOAD ./Drivers/STM32F4xx_HAL_Driver/Src/stm32f4xx_hal_flash.o
LOAD ./Drivers/STM32F4xx_HAL_Driver/Src/stm32f4xx_hal_flash_ex.o
LOAD ./Drivers/STM32F4xx_HAL_Driver/Src/stm32f4xx_hal_flash_ramfunc.o
LOAD ./Drivers/STM32F4xx_HAL_Driver/Src/stm32f4xx_hal_gpio.o
LOAD ./Drivers/STM32F4xx_HAL_Driver/Src/stm32f4xx_hal_hcd.o
LOAD ./Drivers/STM32F4xx_HAL_Driver/Src/stm32f4xx_hal_i2c.o
LOAD ./Drivers/STM32F4xx_HAL_Driver/Src/stm32f4xx_hal_i2c_ex.o
LOAD ./Drivers/STM32F4xx_HAL_Driver/Src/stm32f4xx_hal_i2s.o
LOAD ./Drivers/STM32F4xx_HAL_Driver/Src/stm32f4xx_hal_i2s_ex.o
LOAD ./Drivers/STM32F4xx_HAL_Driver/Src/stm32f4xx_hal_pwr.o
LOAD ./Drivers/STM32F4xx_HAL_Driver/Src/stm32f4xx_hal_pwr_ex.o
LOAD ./Drivers/STM32F4xx_HAL_Driver/Src/stm32f4xx_hal_rcc.o
LOAD ./Drivers/STM32F4xx_HAL_Driver/Src/stm32f4xx_hal_rcc_ex.o
LOAD ./Drivers/STM32F4xx_HAL_Driver/Src/stm32f4xx_hal_spi.o
LOAD ./Drivers/STM32F4xx_HAL_Driver/Src/stm32f4xx_hal_tim.o
LOAD ./Drivers/STM32F4xx_HAL_Driver/Src/stm32f4xx_hal_tim_ex.o
LOAD ./Drivers/STM32F4xx_HAL_Driver/Src/stm32f4xx_ll_usb.o
LOAD ./Middlewares/ST/STM32_USB_Host_Library/Class/CDC/Src/usbh_cdc.o
LOAD ./Middlewares/ST/STM32_USB_Host_Library/Core/Src/usbh_core.o
LOAD ./Middlewares/ST/STM32_USB_Host_Library/Core/Src/usbh_ctlreq.o
LOAD ./Middlewares/ST/STM32_USB_Host_Library/Core/Src/usbh_ioreq.o
LOAD ./Middlewares/ST/STM32_USB_Host_Library/Core/Src/usbh_pipes.o
LOAD ./Middlewares/Third_Party/FreeRTOS/Source/CMSIS_RTOS_V2/cmsis_os2.o
LOAD ./Middlewares/Third_Party/FreeRTOS/Source/croutine.o
LOAD ./Middlewares/Third_Party/FreeRTOS/Source/event_groups.o
LOAD ./Middlewares/Third_Party/FreeRTOS/Source/list.o
LOAD ./Middlewares/Third_Party/FreeRTOS/Source/queue.o
LOAD ./Middlewares/Third_Party/FreeRTOS/Source/stream_buffer.o
LOAD ./Middlewares/Third_Party/FreeRTOS/Source/tasks.o
LOAD ./Middlewares/Third_Party/FreeRTOS/Source/timers.o
LOAD ./Middlewares/Third_Party/FreeRTOS/Source/portable/GCC/ARM_CM4F/port.o
LOAD ./Middlewares/Third_Party/FreeRTOS/Source/portable/MemMang/heap_4.o
LOAD ./USB_HOST/App/usb_host.o
LOAD ./USB_HOST/Target/usbh_conf.o
LOAD ./USB_HOST/Target/usbh_platform.o
START GROUP
LOAD C:/Users/capunom/STM32CubeIDE_2.2.0/STM32CubeIDE/plugins/com.st.stm32cube.ide.mcu.externaltools.gnu-tools-for-stm32.14.3.rel1.win32_1.0.100.202602081740/tools/bin/../lib/gcc/arm-none-eabi/14.3.1/../../../../arm-none-eabi/lib/thumb/v7e-m+fp/hard\libc_nano.a
LOAD C:/Users/capunom/STM32CubeIDE_2.2.0/STM32CubeIDE/plugins/com.st.stm32cube.ide.mcu.externaltools.gnu-tools-for-stm32.14.3.rel1.win32_1.0.100.202602081740/tools/bin/../lib/gcc/arm-none-eabi/14.3.1/../../../../arm-none-eabi/lib/thumb/v7e-m+fp/hard\libm.a
END GROUP
START GROUP
LOAD C:/Users/capunom/STM32CubeIDE_2.2.0/STM32CubeIDE/plugins/com.st.stm32cube.ide.mcu.externaltools.gnu-tools-for-stm32.14.3.rel1.win32_1.0.100.202602081740/tools/bin/../lib/gcc/arm-none-eabi/14.3.1/thumb/v7e-m+fp/hard\libgcc.a
LOAD C:/Users/capunom/STM32CubeIDE_2.2.0/STM32CubeIDE/plugins/com.st.stm32cube.ide.mcu.externaltools.gnu-tools-for-stm32.14.3.rel1.win32_1.0.100.202602081740/tools/bin/../lib/gcc/arm-none-eabi/14.3.1/../../../../arm-none-eabi/lib/thumb/v7e-m+fp/hard\libc_nano.a
END GROUP
START GROUP
LOAD C:/Users/capunom/STM32CubeIDE_2.2.0/STM32CubeIDE/plugins/com.st.stm32cube.ide.mcu.externaltools.gnu-tools-for-stm32.14.3.rel1.win32_1.0.100.202602081740/tools/bin/../lib/gcc/arm-none-eabi/14.3.1/thumb/v7e-m+fp/hard\libgcc.a
LOAD C:/Users/capunom/STM32CubeIDE_2.2.0/STM32CubeIDE/plugins/com.st.stm32cube.ide.mcu.externaltools.gnu-tools-for-stm32.14.3.rel1.win32_1.0.100.202602081740/tools/bin/../lib/gcc/arm-none-eabi/14.3.1/../../../../arm-none-eabi/lib/thumb/v7e-m+fp/hard\libc_nano.a
LOAD C:/Users/capunom/STM32CubeIDE_2.2.0/STM32CubeIDE/plugins/com.st.stm32cube.ide.mcu.externaltools.gnu-tools-for-stm32.14.3.rel1.win32_1.0.100.202602081740/tools/bin/../lib/gcc/arm-none-eabi/14.3.1/../../../../arm-none-eabi/lib/thumb/v7e-m+fp/hard\libnosys.a
END GROUP
START GROUP
LOAD C:/Users/capunom/STM32CubeIDE_2.2.0/STM32CubeIDE/plugins/com.st.stm32cube.ide.mcu.externaltools.gnu-tools-for-stm32.14.3.rel1.win32_1.0.100.202602081740/tools/bin/../lib/gcc/arm-none-eabi/14.3.1/thumb/v7e-m+fp/hard\libgcc.a
LOAD C:/Users/capunom/STM32CubeIDE_2.2.0/STM32CubeIDE/plugins/com.st.stm32cube.ide.mcu.externaltools.gnu-tools-for-stm32.14.3.rel1.win32_1.0.100.202602081740/tools/bin/../lib/gcc/arm-none-eabi/14.3.1/../../../../arm-none-eabi/lib/thumb/v7e-m+fp/hard\libc_nano.a
LOAD C:/Users/capunom/STM32CubeIDE_2.2.0/STM32CubeIDE/plugins/com.st.stm32cube.ide.mcu.externaltools.gnu-tools-for-stm32.14.3.rel1.win32_1.0.100.202602081740/tools/bin/../lib/gcc/arm-none-eabi/14.3.1/../../../../arm-none-eabi/lib/thumb/v7e-m+fp/hard\libnosys.a
END GROUP
LOAD C:/Users/capunom/STM32CubeIDE_2.2.0/STM32CubeIDE/plugins/com.st.stm32cube.ide.mcu.externaltools.gnu-tools-for-stm32.14.3.rel1.win32_1.0.100.202602081740/tools/bin/../lib/gcc/arm-none-eabi/14.3.1/thumb/v7e-m+fp/hard/crtend.o
LOAD C:/Users/capunom/STM32CubeIDE_2.2.0/STM32CubeIDE/plugins/com.st.stm32cube.ide.mcu.externaltools.gnu-tools-for-stm32.14.3.rel1.win32_1.0.100.202602081740/tools/bin/../lib/gcc/arm-none-eabi/14.3.1/thumb/v7e-m+fp/hard/crtn.o
                0x20020000                        _estack = (ORIGIN (RAM) + LENGTH (RAM))
                0x00000200                        _Min_Heap_Size = 0x200
                0x00000400                        _Min_Stack_Size = 0x400

.isr_vector     0x08000000      0x188
                0x08000000                        . = ALIGN (0x4)
 *(.isr_vector)
 .isr_vector    0x08000000      0x188 ./Core/Startup/startup_stm32f407vgtx.o
                0x08000000                g_pfnVectors
                0x08000188                        . = ALIGN (0x4)

.text           0x08000190     0xd6a8
                0x08000190                        . = ALIGN (0x4)
 *(.text)
 .text          0x08000190       0x40 C:/Users/capunom/STM32CubeIDE_2.2.0/STM32CubeIDE/plugins/com.st.stm32cube.ide.mcu.externaltools.gnu-tools-for-stm32.14.3.rel1.win32_1.0.100.202602081740/tools/bin/../lib/gcc/arm-none-eabi/14.3.1/thumb/v7e-m+fp/hard/crtbegin.o
 .text          0x080001d0       0x30 C:/Users/capunom/STM32CubeIDE_2.2.0/STM32CubeIDE/plugins/com.st.stm32cube.ide.mcu.externaltools.gnu-tools-for-stm32.14.3.rel1.win32_1.0.100.202602081740/tools/bin/../lib/gcc/arm-none-eabi/14.3.1/thumb/v7e-m+fp/hard\libgcc.a(_aeabi_uldivmod.o)
                0x080001d0                __aeabi_uldivmod
 .text          0x08000200      0x2f8 C:/Users/capunom/STM32CubeIDE_2.2.0/STM32CubeIDE/plugins/com.st.stm32cube.ide.mcu.externaltools.gnu-tools-for-stm32.14.3.rel1.win32_1.0.100.202602081740/tools/bin/../lib/gcc/arm-none-eabi/14.3.1/thumb/v7e-m+fp/hard\libgcc.a(_udivmoddi4.o)
                0x08000200                __udivmoddi4
 .text          0x080004f8        0x4 C:/Users/capunom/STM32CubeIDE_2.2.0/STM32CubeIDE/plugins/com.st.stm32cube.ide.mcu.externaltools.gnu-tools-for-stm32.14.3.rel1.win32_1.0.100.202602081740/tools/bin/../lib/gcc/arm-none-eabi/14.3.1/thumb/v7e-m+fp/hard\libgcc.a(_dvmd_tls.o)
                0x080004f8                __aeabi_idiv0
                0x080004f8                __aeabi_ldiv0
 *(.text*)
 .text.StartTempTask
                0x080004fc       0xb0 ./Core/Src/freertos.o
                0x080004fc                StartTempTask
 .text.StartLedTask
                0x080005ac       0x6c ./Core/Src/freertos.o
                0x080005ac                StartLedTask
 .text.StartButtonTask
                0x08000618       0x38 ./Core/Src/freertos.o
                0x08000618                StartButtonTask
 .text.HAL_GPIO_EXTI_Callback
                0x08000650       0x28 ./Core/Src/freertos.o
                0x08000650                HAL_GPIO_EXTI_Callback
 .text.main     0x08000678       0xcc ./Core/Src/main.o
                0x08000678                main
 .text.SystemClock_Config
                0x08000744       0xd4 ./Core/Src/main.o
                0x08000744                SystemClock_Config
 .text.MX_ADC1_Init
                0x08000818       0xa4 ./Core/Src/main.o
 .text.MX_I2C1_Init
                0x080008bc       0x5c ./Core/Src/main.o
 .text.MX_I2S3_Init
                0x08000918       0x60 ./Core/Src/main.o
 .text.MX_SPI1_Init
                0x08000978       0x6c ./Core/Src/main.o
 .text.MX_GPIO_Init
                0x080009e4      0x20c ./Core/Src/main.o
 .text.StartDefaultTask
                0x08000bf0       0x14 ./Core/Src/main.o
                0x08000bf0                StartDefaultTask
 .text.HAL_TIM_PeriodElapsedCallback
                0x08000c04       0x24 ./Core/Src/main.o
                0x08000c04                HAL_TIM_PeriodElapsedCallback
 .text.Error_Handler
                0x08000c28        0xc ./Core/Src/main.o
                0x08000c28                Error_Handler
 .text.HAL_MspInit
                0x08000c34       0x58 ./Core/Src/stm32f4xx_hal_msp.o
                0x08000c34                HAL_MspInit
 .text.HAL_ADC_MspInit
                0x08000c8c       0x44 ./Core/Src/stm32f4xx_hal_msp.o
                0x08000c8c                HAL_ADC_MspInit
 .text.HAL_I2C_MspInit
                0x08000cd0       0x90 ./Core/Src/stm32f4xx_hal_msp.o
                0x08000cd0                HAL_I2C_MspInit
 .text.HAL_I2S_MspInit
                0x08000d60      0x100 ./Core/Src/stm32f4xx_hal_msp.o
                0x08000d60                HAL_I2S_MspInit
 .text.HAL_SPI_MspInit
                0x08000e60       0x90 ./Core/Src/stm32f4xx_hal_msp.o
                0x08000e60                HAL_SPI_MspInit
 .text.HAL_InitTick
                0x08000ef0       0xe8 ./Core/Src/stm32f4xx_hal_timebase_tim.o
                0x08000ef0                HAL_InitTick
 .text.NMI_Handler
                0x08000fd8        0x8 ./Core/Src/stm32f4xx_it.o
                0x08000fd8                NMI_Handler
 .text.HardFault_Handler
                0x08000fe0        0x8 ./Core/Src/stm32f4xx_it.o
                0x08000fe0                HardFault_Handler
 .text.MemManage_Handler
                0x08000fe8        0x8 ./Core/Src/stm32f4xx_it.o
                0x08000fe8                MemManage_Handler
 .text.BusFault_Handler
                0x08000ff0        0x8 ./Core/Src/stm32f4xx_it.o
                0x08000ff0                BusFault_Handler
 .text.UsageFault_Handler
                0x08000ff8        0x8 ./Core/Src/stm32f4xx_it.o
                0x08000ff8                UsageFault_Handler
 .text.DebugMon_Handler
                0x08001000        0xe ./Core/Src/stm32f4xx_it.o
                0x08001000                DebugMon_Handler
 .text.EXTI0_IRQHandler
                0x0800100e        0xe ./Core/Src/stm32f4xx_it.o
                0x0800100e                EXTI0_IRQHandler
 .text.TIM1_UP_TIM10_IRQHandler
                0x0800101c       0x14 ./Core/Src/stm32f4xx_it.o
                0x0800101c                TIM1_UP_TIM10_IRQHandler
 .text.OTG_FS_IRQHandler
                0x08001030       0x14 ./Core/Src/stm32f4xx_it.o
                0x08001030                OTG_FS_IRQHandler
 .text._sbrk    0x08001044       0x6c ./Core/Src/sysmem.o
                0x08001044                _sbrk
 .text.SystemInit
                0x080010b0       0x24 ./Core/Src/system_stm32f4xx.o
                0x080010b0                SystemInit
 .text.Reset_Handler
                0x080010d4       0x50 ./Core/Startup/startup_stm32f407vgtx.o
                0x080010d4                Reset_Handler
 .text.Default_Handler
                0x08001124        0x2 ./Core/Startup/startup_stm32f407vgtx.o
                0x08001124                RTC_Alarm_IRQHandler
                0x08001124                HASH_RNG_IRQHandler
                0x08001124                EXTI2_IRQHandler
                0x08001124                TIM8_CC_IRQHandler
                0x08001124                TIM1_CC_IRQHandler
                0x08001124                DMA2_Stream5_IRQHandler
                0x08001124                DMA1_Stream5_IRQHandler
                0x08001124                PVD_IRQHandler
                0x08001124                SDIO_IRQHandler
                0x08001124                TAMP_STAMP_IRQHandler
                0x08001124                CAN2_RX1_IRQHandler
                0x08001124                EXTI3_IRQHandler
                0x08001124                TIM8_TRG_COM_TIM14_IRQHandler
                0x08001124                TIM8_UP_TIM13_IRQHandler
                0x08001124                I2C3_ER_IRQHandler
                0x08001124                I2C2_EV_IRQHandler
                0x08001124                DMA1_Stream2_IRQHandler
                0x08001124                CAN1_RX0_IRQHandler
                0x08001124                FPU_IRQHandler
                0x08001124                OTG_HS_WKUP_IRQHandler
                0x08001124                CAN2_SCE_IRQHandler
                0x08001124                DMA2_Stream2_IRQHandler
                0x08001124                SPI1_IRQHandler
                0x08001124                TIM6_DAC_IRQHandler
                0x08001124                TIM1_BRK_TIM9_IRQHandler
                0x08001124                DCMI_IRQHandler
                0x08001124                CAN2_RX0_IRQHandler
                0x08001124                DMA2_Stream3_IRQHandler
                0x08001124                USART6_IRQHandler
                0x08001124                USART3_IRQHandler
                0x08001124                CAN1_RX1_IRQHandler
                0x08001124                UART5_IRQHandler
                0x08001124                DMA2_Stream0_IRQHandler
                0x08001124                TIM4_IRQHandler
                0x08001124                I2C1_EV_IRQHandler
                0x08001124                DMA1_Stream6_IRQHandler
                0x08001124                DMA1_Stream1_IRQHandler
                0x08001124                UART4_IRQHandler
                0x08001124                TIM3_IRQHandler
                0x08001124                RCC_IRQHandler
                0x08001124                TIM8_BRK_TIM12_IRQHandler
                0x08001124                Default_Handler
                0x08001124                EXTI15_10_IRQHandler
                0x08001124                ADC_IRQHandler
                0x08001124                DMA1_Stream7_IRQHandler
                0x08001124                TIM7_IRQHandler
                0x08001124                CAN2_TX_IRQHandler
                0x08001124                TIM5_IRQHandler
                0x08001124                DMA2_Stream7_IRQHandler
                0x08001124                I2C3_EV_IRQHandler
                0x08001124                EXTI9_5_IRQHandler
                0x08001124                RTC_WKUP_IRQHandler
                0x08001124                ETH_WKUP_IRQHandler
                0x08001124                SPI2_IRQHandler
                0x08001124                OTG_HS_EP1_IN_IRQHandler
                0x08001124                DMA1_Stream0_IRQHandler
                0x08001124                CAN1_TX_IRQHandler
                0x08001124                EXTI4_IRQHandler
                0x08001124                FSMC_IRQHandler
                0x08001124                ETH_IRQHandler
                0x08001124                OTG_HS_EP1_OUT_IRQHandler
                0x08001124                WWDG_IRQHandler
                0x08001124                TIM2_IRQHandler
                0x08001124                OTG_FS_WKUP_IRQHandler
                0x08001124                TIM1_TRG_COM_TIM11_IRQHandler
                0x08001124                OTG_HS_IRQHandler
                0x08001124                EXTI1_IRQHandler
                0x08001124                USART2_IRQHandler
                0x08001124                I2C2_ER_IRQHandler
                0x08001124                DMA2_Stream1_IRQHandler
                0x08001124                CAN1_SCE_IRQHandler
                0x08001124                FLASH_IRQHandler
                0x08001124                DMA2_Stream4_IRQHandler
                0x08001124                USART1_IRQHandler
                0x08001124                SPI3_IRQHandler
                0x08001124                DMA1_Stream4_IRQHandler
                0x08001124                I2C1_ER_IRQHandler
                0x08001124                DMA2_Stream6_IRQHandler
                0x08001124                DMA1_Stream3_IRQHandler
 *fill*         0x08001126        0x2 
 .text.HAL_Init
                0x08001128       0x44 ./Drivers/STM32F4xx_HAL_Driver/Src/stm32f4xx_hal.o
                0x08001128                HAL_Init
 .text.HAL_IncTick
                0x0800116c       0x28 ./Drivers/STM32F4xx_HAL_Driver/Src/stm32f4xx_hal.o
                0x0800116c                HAL_IncTick
 .text.HAL_GetTick
                0x08001194       0x18 ./Drivers/STM32F4xx_HAL_Driver/Src/stm32f4xx_hal.o
                0x08001194                HAL_GetTick
 .text.HAL_Delay
                0x080011ac       0x48 ./Drivers/STM32F4xx_HAL_Driver/Src/stm32f4xx_hal.o
                0x080011ac                HAL_Delay
 .text.HAL_ADC_Init
                0x080011f4       0x86 ./Drivers/STM32F4xx_HAL_Driver/Src/stm32f4xx_hal_adc.o
                0x080011f4                HAL_ADC_Init
 *fill*         0x0800127a        0x2 
 .text.HAL_ADC_Start
                0x0800127c      0x1a4 ./Drivers/STM32F4xx_HAL_Driver/Src/stm32f4xx_hal_adc.o
                0x0800127c                HAL_ADC_Start
 .text.HAL_ADC_Stop
                0x08001420       0x66 ./Drivers/STM32F4xx_HAL_Driver/Src/stm32f4xx_hal_adc.o
                0x08001420                HAL_ADC_Stop
 .text.HAL_ADC_PollForConversion
                0x08001486      0x116 ./Drivers/STM32F4xx_HAL_Driver/Src/stm32f4xx_hal_adc.o
                0x08001486                HAL_ADC_PollForConversion
 .text.HAL_ADC_GetValue
                0x0800159c       0x1a ./Drivers/STM32F4xx_HAL_Driver/Src/stm32f4xx_hal_adc.o
                0x0800159c                HAL_ADC_GetValue
 *fill*         0x080015b6        0x2 
 .text.HAL_ADC_ConfigChannel
                0x080015b8      0x244 ./Drivers/STM32F4xx_HAL_Driver/Src/stm32f4xx_hal_adc.o
                0x080015b8                HAL_ADC_ConfigChannel
 .text.ADC_Init
                0x080017fc      0x1f8 ./Drivers/STM32F4xx_HAL_Driver/Src/stm32f4xx_hal_adc.o
 .text.__NVIC_SetPriorityGrouping
                0x080019f4       0x48 ./Drivers/STM32F4xx_HAL_Driver/Src/stm32f4xx_hal_cortex.o
 .text.__NVIC_GetPriorityGrouping
                0x08001a3c       0x1c ./Drivers/STM32F4xx_HAL_Driver/Src/stm32f4xx_hal_cortex.o
 .text.__NVIC_EnableIRQ
                0x08001a58       0x3c ./Drivers/STM32F4xx_HAL_Driver/Src/stm32f4xx_hal_cortex.o
 .text.__NVIC_SetPriority
                0x08001a94       0x54 ./Drivers/STM32F4xx_HAL_Driver/Src/stm32f4xx_hal_cortex.o
 .text.NVIC_EncodePriority
                0x08001ae8       0x66 ./Drivers/STM32F4xx_HAL_Driver/Src/stm32f4xx_hal_cortex.o
 .text.HAL_NVIC_SetPriorityGrouping
                0x08001b4e       0x16 ./Drivers/STM32F4xx_HAL_Driver/Src/stm32f4xx_hal_cortex.o
                0x08001b4e                HAL_NVIC_SetPriorityGrouping
 .text.HAL_NVIC_SetPriority
                0x08001b64       0x38 ./Drivers/STM32F4xx_HAL_Driver/Src/stm32f4xx_hal_cortex.o
                0x08001b64                HAL_NVIC_SetPriority
 .text.HAL_NVIC_EnableIRQ
                0x08001b9c       0x1c ./Drivers/STM32F4xx_HAL_Driver/Src/stm32f4xx_hal_cortex.o
                0x08001b9c                HAL_NVIC_EnableIRQ
 .text.HAL_GPIO_Init
                0x08001bb8      0x338 ./Drivers/STM32F4xx_HAL_Driver/Src/stm32f4xx_hal_gpio.o
                0x08001bb8                HAL_GPIO_Init
 .text.HAL_GPIO_WritePin
                0x08001ef0       0x32 ./Drivers/STM32F4xx_HAL_Driver/Src/stm32f4xx_hal_gpio.o
                0x08001ef0                HAL_GPIO_WritePin
 .text.HAL_GPIO_TogglePin
                0x08001f22       0x34 ./Drivers/STM32F4xx_HAL_Driver/Src/stm32f4xx_hal_gpio.o
                0x08001f22                HAL_GPIO_TogglePin
 *fill*         0x08001f56        0x2 
 .text.HAL_GPIO_EXTI_IRQHandler
                0x08001f58       0x30 ./Drivers/STM32F4xx_HAL_Driver/Src/stm32f4xx_hal_gpio.o
                0x08001f58                HAL_GPIO_EXTI_IRQHandler
 .text.HAL_HCD_Init
                0x08001f88       0xce ./Drivers/STM32F4xx_HAL_Driver/Src/stm32f4xx_hal_hcd.o
                0x08001f88                HAL_HCD_Init
 .text.HAL_HCD_HC_Init
                0x08002056      0x170 ./Drivers/STM32F4xx_HAL_Driver/Src/stm32f4xx_hal_hcd.o
                0x08002056                HAL_HCD_HC_Init
 *fill*         0x080021c6        0x2 
 .text.HAL_HCD_HC_SubmitRequest
                0x080021c8      0x33c ./Drivers/STM32F4xx_HAL_Driver/Src/stm32f4xx_hal_hcd.o
                0x080021c8                HAL_HCD_HC_SubmitRequest
 .text.HAL_HCD_IRQHandler
                0x08002504      0x220 ./Drivers/STM32F4xx_HAL_Driver/Src/stm32f4xx_hal_hcd.o
                0x08002504                HAL_HCD_IRQHandler
 .text.HAL_HCD_Start
                0x08002724       0x46 ./Drivers/STM32F4xx_HAL_Driver/Src/stm32f4xx_hal_hcd.o
                0x08002724                HAL_HCD_Start
 .text.HAL_HCD_Stop
                0x0800276a       0x3a ./Drivers/STM32F4xx_HAL_Driver/Src/stm32f4xx_hal_hcd.o
                0x0800276a                HAL_HCD_Stop
 .text.HAL_HCD_ResetPort
                0x080027a4       0x1c ./Drivers/STM32F4xx_HAL_Driver/Src/stm32f4xx_hal_hcd.o
                0x080027a4                HAL_HCD_ResetPort
 .text.HAL_HCD_HC_GetURBState
                0x080027c0       0x2a ./Drivers/STM32F4xx_HAL_Driver/Src/stm32f4xx_hal_hcd.o
                0x080027c0                HAL_HCD_HC_GetURBState
 .text.HAL_HCD_HC_GetXferCount
                0x080027ea       0x2a ./Drivers/STM32F4xx_HAL_Driver/Src/stm32f4xx_hal_hcd.o
                0x080027ea                HAL_HCD_HC_GetXferCount
 .text.HAL_HCD_GetCurrentFrame
                0x08002814       0x1c ./Drivers/STM32F4xx_HAL_Driver/Src/stm32f4xx_hal_hcd.o
                0x08002814                HAL_HCD_GetCurrentFrame
 .text.HAL_HCD_GetCurrentSpeed
                0x08002830       0x1c ./Drivers/STM32F4xx_HAL_Driver/Src/stm32f4xx_hal_hcd.o
                0x08002830                HAL_HCD_GetCurrentSpeed
 .text.HAL_HCD_HC_ClearHubInfo
                0x0800284c       0x6a ./Drivers/STM32F4xx_HAL_Driver/Src/stm32f4xx_hal_hcd.o
                0x0800284c                HAL_HCD_HC_ClearHubInfo
 .text.HCD_HC_IN_IRQHandler
                0x080028b6      0xcd2 ./Drivers/STM32F4xx_HAL_Driver/Src/stm32f4xx_hal_hcd.o
 .text.HCD_HC_OUT_IRQHandler
                0x08003588      0x97e ./Drivers/STM32F4xx_HAL_Driver/Src/stm32f4xx_hal_hcd.o
 .text.HCD_RXQLVL_IRQHandler
                0x08003f06      0x1be ./Drivers/STM32F4xx_HAL_Driver/Src/stm32f4xx_hal_hcd.o
 .text.HCD_Port_IRQHandler
                0x080040c4       0xe6 ./Drivers/STM32F4xx_HAL_Driver/Src/stm32f4xx_hal_hcd.o
 *fill*         0x080041aa        0x2 
 .text.HAL_I2C_Init
                0x080041ac      0x288 ./Drivers/STM32F4xx_HAL_Driver/Src/stm32f4xx_hal_i2c.o
                0x080041ac                HAL_I2C_Init
 .text.HAL_I2S_Init
                0x08004434      0x280 ./Drivers/STM32F4xx_HAL_Driver/Src/stm32f4xx_hal_i2s.o
                0x08004434                HAL_I2S_Init
 .text.HAL_I2S_TxCpltCallback
                0x080046b4       0x14 ./Drivers/STM32F4xx_HAL_Driver/Src/stm32f4xx_hal_i2s.o
                0x080046b4                HAL_I2S_TxCpltCallback
 .text.HAL_I2S_RxCpltCallback
                0x080046c8       0x14 ./Drivers/STM32F4xx_HAL_Driver/Src/stm32f4xx_hal_i2s.o
                0x080046c8                HAL_I2S_RxCpltCallback
 .text.HAL_I2S_ErrorCallback
                0x080046dc       0x14 ./Drivers/STM32F4xx_HAL_Driver/Src/stm32f4xx_hal_i2s.o
                0x080046dc                HAL_I2S_ErrorCallback
 .text.I2S_Transmit_IT
                0x080046f0       0x5c ./Drivers/STM32F4xx_HAL_Driver/Src/stm32f4xx_hal_i2s.o
 .text.I2S_Receive_IT
                0x0800474c       0x5e ./Drivers/STM32F4xx_HAL_Driver/Src/stm32f4xx_hal_i2s.o
 .text.I2S_IRQHandler
                0x080047aa      0x114 ./Drivers/STM32F4xx_HAL_Driver/Src/stm32f4xx_hal_i2s.o
 *fill*         0x080048be        0x2 
 .text.HAL_I2SEx_FullDuplex_IRQHandler
                0x080048c0      0x2a8 ./Drivers/STM32F4xx_HAL_Driver/Src/stm32f4xx_hal_i2s_ex.o
                0x080048c0                HAL_I2SEx_FullDuplex_IRQHandler
 .text.HAL_I2SEx_TxRxCpltCallback
                0x08004b68       0x14 ./Drivers/STM32F4xx_HAL_Driver/Src/stm32f4xx_hal_i2s_ex.o
                0x08004b68                HAL_I2SEx_TxRxCpltCallback
 .text.I2SEx_TxISR_I2S
                0x08004b7c       0x62 ./Drivers/STM32F4xx_HAL_Driver/Src/stm32f4xx_hal_i2s_ex.o
 *fill*         0x08004bde        0x2 
 .text.I2SEx_TxISR_I2SExt
                0x08004be0       0x98 ./Drivers/STM32F4xx_HAL_Driver/Src/stm32f4xx_hal_i2s_ex.o
 .text.I2SEx_RxISR_I2S
                0x08004c78       0x64 ./Drivers/STM32F4xx_HAL_Driver/Src/stm32f4xx_hal_i2s_ex.o
 .text.I2SEx_RxISR_I2SExt
                0x08004cdc       0x98 ./Drivers/STM32F4xx_HAL_Driver/Src/stm32f4xx_hal_i2s_ex.o
 .text.HAL_RCC_OscConfig
                0x08004d74      0x4f0 ./Drivers/STM32F4xx_HAL_Driver/Src/stm32f4xx_hal_rcc.o
                0x08004d74                HAL_RCC_OscConfig
 .text.HAL_RCC_ClockConfig
                0x08005264      0x1cc ./Drivers/STM32F4xx_HAL_Driver/Src/stm32f4xx_hal_rcc.o
                0x08005264                HAL_RCC_ClockConfig
 .text.HAL_RCC_GetSysClockFreq
                0x08005430      0x20c ./Drivers/STM32F4xx_HAL_Driver/Src/stm32f4xx_hal_rcc.o
                0x08005430                HAL_RCC_GetSysClockFreq
 .text.HAL_RCC_GetHCLKFreq
                0x0800563c       0x18 ./Drivers/STM32F4xx_HAL_Driver/Src/stm32f4xx_hal_rcc.o
                0x0800563c                HAL_RCC_GetHCLKFreq
 .text.HAL_RCC_GetPCLK1Freq
                0x08005654       0x28 ./Drivers/STM32F4xx_HAL_Driver/Src/stm32f4xx_hal_rcc.o
                0x08005654                HAL_RCC_GetPCLK1Freq
 .text.HAL_RCC_GetPCLK2Freq
                0x0800567c       0x28 ./Drivers/STM32F4xx_HAL_Driver/Src/stm32f4xx_hal_rcc.o
                0x0800567c                HAL_RCC_GetPCLK2Freq
 .text.HAL_RCC_GetClockConfig
                0x080056a4       0x64 ./Drivers/STM32F4xx_HAL_Driver/Src/stm32f4xx_hal_rcc.o
                0x080056a4                HAL_RCC_GetClockConfig
 .text.HAL_RCCEx_PeriphCLKConfig
                0x08005708      0x1c4 ./Drivers/STM32F4xx_HAL_Driver/Src/stm32f4xx_hal_rcc_ex.o
                0x08005708                HAL_RCCEx_PeriphCLKConfig
 .text.HAL_RCCEx_GetPeriphCLKFreq
                0x080058cc       0xc0 ./Drivers/STM32F4xx_HAL_Driver/Src/stm32f4xx_hal_rcc_ex.o
                0x080058cc                HAL_RCCEx_GetPeriphCLKFreq
 .text.HAL_SPI_Init
                0x0800598c      0x112 ./Drivers/STM32F4xx_HAL_Driver/Src/stm32f4xx_hal_spi.o
                0x0800598c                HAL_SPI_Init
 .text.HAL_TIM_Base_Init
                0x08005a9e       0x9e ./Drivers/STM32F4xx_HAL_Driver/Src/stm32f4xx_hal_tim.o
                0x08005a9e                HAL_TIM_Base_Init
 .text.HAL_TIM_Base_MspInit
                0x08005b3c       0x14 ./Drivers/STM32F4xx_HAL_Driver/Src/stm32f4xx_hal_tim.o
                0x08005b3c                HAL_TIM_Base_MspInit
 .text.HAL_TIM_Base_Start_IT
                0x08005b50       0xe0 ./Drivers/STM32F4xx_HAL_Driver/Src/stm32f4xx_hal_tim.o
                0x08005b50                HAL_TIM_Base_Start_IT
 .text.HAL_TIM_IRQHandler
                0x08005c30      0x1e0 ./Drivers/STM32F4xx_HAL_Driver/Src/stm32f4xx_hal_tim.o
                0x08005c30                HAL_TIM_IRQHandler
 .text.HAL_TIM_OC_DelayElapsedCallback
                0x08005e10       0x14 ./Drivers/STM32F4xx_HAL_Driver/Src/stm32f4xx_hal_tim.o
                0x08005e10                HAL_TIM_OC_DelayElapsedCallback
 .text.HAL_TIM_IC_CaptureCallback
                0x08005e24       0x14 ./Drivers/STM32F4xx_HAL_Driver/Src/stm32f4xx_hal_tim.o
                0x08005e24                HAL_TIM_IC_CaptureCallback
 .text.HAL_TIM_PWM_PulseFinishedCallback
                0x08005e38       0x14 ./Drivers/STM32F4xx_HAL_Driver/Src/stm32f4xx_hal_tim.o
                0x08005e38                HAL_TIM_PWM_PulseFinishedCallback
 .text.HAL_TIM_TriggerCallback
                0x08005e4c       0x14 ./Drivers/STM32F4xx_HAL_Driver/Src/stm32f4xx_hal_tim.o
                0x08005e4c                HAL_TIM_TriggerCallback
 .text.TIM_Base_SetConfig
                0x08005e60      0x14c ./Drivers/STM32F4xx_HAL_Driver/Src/stm32f4xx_hal_tim.o
                0x08005e60                TIM_Base_SetConfig
 .text.HAL_TIMEx_CommutCallback
                0x08005fac       0x14 ./Drivers/STM32F4xx_HAL_Driver/Src/stm32f4xx_hal_tim_ex.o
                0x08005fac                HAL_TIMEx_CommutCallback
 .text.HAL_TIMEx_BreakCallback
                0x08005fc0       0x14 ./Drivers/STM32F4xx_HAL_Driver/Src/stm32f4xx_hal_tim_ex.o
                0x08005fc0                HAL_TIMEx_BreakCallback
 .text.USB_CoreInit
                0x08005fd4       0xc8 ./Drivers/STM32F4xx_HAL_Driver/Src/stm32f4xx_ll_usb.o
                0x08005fd4                USB_CoreInit
 .text.USB_EnableGlobalInt
                0x0800609c       0x22 ./Drivers/STM32F4xx_HAL_Driver/Src/stm32f4xx_ll_usb.o
                0x0800609c                USB_EnableGlobalInt
 .text.USB_DisableGlobalInt
                0x080060be       0x22 ./Drivers/STM32F4xx_HAL_Driver/Src/stm32f4xx_ll_usb.o
                0x080060be                USB_DisableGlobalInt
 .text.USB_SetCurrentMode
                0x080060e0       0x98 ./Drivers/STM32F4xx_HAL_Driver/Src/stm32f4xx_ll_usb.o
                0x080060e0                USB_SetCurrentMode
 .text.USB_FlushTxFifo
                0x08006178       0x64 ./Drivers/STM32F4xx_HAL_Driver/Src/stm32f4xx_ll_usb.o
                0x08006178                USB_FlushTxFifo
 .text.USB_FlushRxFifo
                0x080061dc       0x5c ./Drivers/STM32F4xx_HAL_Driver/Src/stm32f4xx_ll_usb.o
                0x080061dc                USB_FlushRxFifo
 .text.USB_WritePacket
                0x08006238       0x7c ./Drivers/STM32F4xx_HAL_Driver/Src/stm32f4xx_ll_usb.o
                0x08006238                USB_WritePacket
 .text.USB_ReadPacket
                0x080062b4       0xb0 ./Drivers/STM32F4xx_HAL_Driver/Src/stm32f4xx_ll_usb.o
                0x080062b4                USB_ReadPacket
 .text.USB_ReadInterrupts
                0x08006364       0x26 ./Drivers/STM32F4xx_HAL_Driver/Src/stm32f4xx_ll_usb.o
                0x08006364                USB_ReadInterrupts
 .text.USB_ReadChInterrupts
                0x0800638a       0x42 ./Drivers/STM32F4xx_HAL_Driver/Src/stm32f4xx_ll_usb.o
                0x0800638a                USB_ReadChInterrupts
 .text.USB_GetMode
                0x080063cc       0x1c ./Drivers/STM32F4xx_HAL_Driver/Src/stm32f4xx_ll_usb.o
                0x080063cc                USB_GetMode
 .text.USB_CoreReset
                0x080063e8       0x70 ./Drivers/STM32F4xx_HAL_Driver/Src/stm32f4xx_ll_usb.o
 .text.USB_HostInit
                0x08006458      0x188 ./Drivers/STM32F4xx_HAL_Driver/Src/stm32f4xx_ll_usb.o
                0x08006458                USB_HostInit
 .text.USB_InitFSLSPClkSel
                0x080065e0       0x7a ./Drivers/STM32F4xx_HAL_Driver/Src/stm32f4xx_ll_usb.o
                0x080065e0                USB_InitFSLSPClkSel
 .text.USB_ResetPort
                0x0800665a       0x54 ./Drivers/STM32F4xx_HAL_Driver/Src/stm32f4xx_ll_usb.o
                0x0800665a                USB_ResetPort
 .text.USB_DriveVbus
                0x080066ae       0x72 ./Drivers/STM32F4xx_HAL_Driver/Src/stm32f4xx_ll_usb.o
                0x080066ae                USB_DriveVbus
 .text.USB_GetHostSpeed
                0x08006720       0x2e ./Drivers/STM32F4xx_HAL_Driver/Src/stm32f4xx_ll_usb.o
                0x08006720                USB_GetHostSpeed
 .text.USB_GetCurrentFrame
                0x0800674e       0x22 ./Drivers/STM32F4xx_HAL_Driver/Src/stm32f4xx_ll_usb.o
                0x0800674e                USB_GetCurrentFrame
 .text.USB_HC_Init
                0x08006770      0x258 ./Drivers/STM32F4xx_HAL_Driver/Src/stm32f4xx_ll_usb.o
                0x08006770                USB_HC_Init
 .text.USB_HC_StartXfer
                0x080069c8      0x4f4 ./Drivers/STM32F4xx_HAL_Driver/Src/stm32f4xx_ll_usb.o
                0x080069c8                USB_HC_StartXfer
 .text.USB_HC_ReadInterrupt
                0x08006ebc       0x22 ./Drivers/STM32F4xx_HAL_Driver/Src/stm32f4xx_ll_usb.o
                0x08006ebc                USB_HC_ReadInterrupt
 .text.USB_HC_Halt
                0x08006ede      0x240 ./Drivers/STM32F4xx_HAL_Driver/Src/stm32f4xx_ll_usb.o
                0x08006ede                USB_HC_Halt
 *fill*         0x0800711e        0x2 
 .text.USB_DoPing
                0x08007120       0x78 ./Drivers/STM32F4xx_HAL_Driver/Src/stm32f4xx_ll_usb.o
                0x08007120                USB_DoPing
 .text.USB_StopHost
                0x08007198      0x124 ./Drivers/STM32F4xx_HAL_Driver/Src/stm32f4xx_ll_usb.o
                0x08007198                USB_StopHost
 .text.USBH_CDC_InterfaceInit
                0x080072bc      0x2ac ./Middlewares/ST/STM32_USB_Host_Library/Class/CDC/Src/usbh_cdc.o
 .text.USBH_CDC_InterfaceDeInit
                0x08007568       0xb2 ./Middlewares/ST/STM32_USB_Host_Library/Class/CDC/Src/usbh_cdc.o
 .text.USBH_CDC_ClassRequest
                0x0800761a       0x3e ./Middlewares/ST/STM32_USB_Host_Library/Class/CDC/Src/usbh_cdc.o
 .text.USBH_CDC_Process
                0x08007658      0x12c ./Middlewares/ST/STM32_USB_Host_Library/Class/CDC/Src/usbh_cdc.o
 .text.USBH_CDC_SOFProcess
                0x08007784       0x16 ./Middlewares/ST/STM32_USB_Host_Library/Class/CDC/Src/usbh_cdc.o
 .text.GetLineCoding
                0x0800779a       0x3e ./Middlewares/ST/STM32_USB_Host_Library/Class/CDC/Src/usbh_cdc.o
 .text.SetLineCoding
                0x080077d8       0x3e ./Middlewares/ST/STM32_USB_Host_Library/Class/CDC/Src/usbh_cdc.o
 .text.CDC_ProcessTransmission
                0x08007816      0x104 ./Middlewares/ST/STM32_USB_Host_Library/Class/CDC/Src/usbh_cdc.o
 .text.CDC_ProcessReception
                0x0800791a       0xc2 ./Middlewares/ST/STM32_USB_Host_Library/Class/CDC/Src/usbh_cdc.o
 .text.USBH_CDC_TransmitCallback
                0x080079dc       0x14 ./Middlewares/ST/STM32_USB_Host_Library/Class/CDC/Src/usbh_cdc.o
                0x080079dc                USBH_CDC_TransmitCallback
 .text.USBH_CDC_ReceiveCallback
                0x080079f0       0x14 ./Middlewares/ST/STM32_USB_Host_Library/Class/CDC/Src/usbh_cdc.o
                0x080079f0                USBH_CDC_ReceiveCallback
 .text.USBH_CDC_LineCodingChanged
                0x08007a04       0x14 ./Middlewares/ST/STM32_USB_Host_Library/Class/CDC/Src/usbh_cdc.o
                0x08007a04                USBH_CDC_LineCodingChanged
 .text.USBH_Init
                0x08007a18       0xb8 ./Middlewares/ST/STM32_USB_Host_Library/Core/Src/usbh_core.o
                0x08007a18                USBH_Init
 .text.DeInitStateMachine
                0x08007ad0       0xe2 ./Middlewares/ST/STM32_USB_Host_Library/Core/Src/usbh_core.o
 .text.USBH_RegisterClass
                0x08007bb2       0x54 ./Middlewares/ST/STM32_USB_Host_Library/Core/Src/usbh_core.o
                0x08007bb2                USBH_RegisterClass
 .text.USBH_SelectInterface
                0x08007c06       0x38 ./Middlewares/ST/STM32_USB_Host_Library/Core/Src/usbh_core.o
                0x08007c06                USBH_SelectInterface
 .text.USBH_FindInterface
                0x08007c3e       0x8c ./Middlewares/ST/STM32_USB_Host_Library/Core/Src/usbh_core.o
                0x08007c3e                USBH_FindInterface
 .text.USBH_Start
                0x08007cca       0x20 ./Middlewares/ST/STM32_USB_Host_Library/Core/Src/usbh_core.o
                0x08007cca                USBH_Start
 *fill*         0x08007cea        0x2 
 .text.USBH_Process
                0x08007cec      0x434 ./Middlewares/ST/STM32_USB_Host_Library/Core/Src/usbh_core.o
                0x08007cec                USBH_Process
 .text.USBH_HandleEnum
                0x08008120      0x3fc ./Middlewares/ST/STM32_USB_Host_Library/Core/Src/usbh_core.o
 .text.USBH_LL_SetTimer
                0x0800851c       0x1e ./Middlewares/ST/STM32_USB_Host_Library/Core/Src/usbh_core.o
                0x0800851c                USBH_LL_SetTimer
 .text.USBH_LL_IncTimer
                0x0800853a       0x24 ./Middlewares/ST/STM32_USB_Host_Library/Core/Src/usbh_core.o
                0x0800853a                USBH_LL_IncTimer
 .text.USBH_HandleSof
                0x0800855e       0x30 ./Middlewares/ST/STM32_USB_Host_Library/Core/Src/usbh_core.o
 .text.USBH_LL_PortEnabled
                0x0800858e       0x24 ./Middlewares/ST/STM32_USB_Host_Library/Core/Src/usbh_core.o
                0x0800858e                USBH_LL_PortEnabled
 .text.USBH_LL_PortDisabled
                0x080085b2       0x24 ./Middlewares/ST/STM32_USB_Host_Library/Core/Src/usbh_core.o
                0x080085b2                USBH_LL_PortDisabled
 .text.USBH_LL_Connect
                0x080085d6       0x36 ./Middlewares/ST/STM32_USB_Host_Library/Core/Src/usbh_core.o
                0x080085d6                USBH_LL_Connect
 .text.USBH_LL_Disconnect
                0x0800860c       0x54 ./Middlewares/ST/STM32_USB_Host_Library/Core/Src/usbh_core.o
                0x0800860c                USBH_LL_Disconnect
 .text.USBH_OS_PutMessage
                0x08008660       0x48 ./Middlewares/ST/STM32_USB_Host_Library/Core/Src/usbh_core.o
                0x08008660                USBH_OS_PutMessage
 .text.USBH_Process_OS
                0x080086a8       0x2e ./Middlewares/ST/STM32_USB_Host_Library/Core/Src/usbh_core.o
 .text.USBH_LL_NotifyURBChange
                0x080086d6       0x1e ./Middlewares/ST/STM32_USB_Host_Library/Core/Src/usbh_core.o
                0x080086d6                USBH_LL_NotifyURBChange
 .text.USBH_Get_DevDesc
                0x080086f4       0x58 ./Middlewares/ST/STM32_USB_Host_Library/Core/Src/usbh_ctlreq.o
                0x080086f4                USBH_Get_DevDesc
 .text.USBH_Get_CfgDesc
                0x0800874c       0x54 ./Middlewares/ST/STM32_USB_Host_Library/Core/Src/usbh_ctlreq.o
                0x0800874c                USBH_Get_CfgDesc
 .text.USBH_Get_StringDesc
                0x080087a0       0x68 ./Middlewares/ST/STM32_USB_Host_Library/Core/Src/usbh_ctlreq.o
                0x080087a0                USBH_Get_StringDesc
 .text.USBH_GetDescriptor
                0x08008808       0x6a ./Middlewares/ST/STM32_USB_Host_Library/Core/Src/usbh_ctlreq.o
                0x08008808                USBH_GetDescriptor
 .text.USBH_SetAddress
                0x08008872       0x48 ./Middlewares/ST/STM32_USB_Host_Library/Core/Src/usbh_ctlreq.o
                0x08008872                USBH_SetAddress
 .text.USBH_SetCfg
                0x080088ba       0x46 ./Middlewares/ST/STM32_USB_Host_Library/Core/Src/usbh_ctlreq.o
                0x080088ba                USBH_SetCfg
 .text.USBH_SetFeature
                0x08008900       0x48 ./Middlewares/ST/STM32_USB_Host_Library/Core/Src/usbh_ctlreq.o
                0x08008900                USBH_SetFeature
 .text.USBH_ClrFeature
                0x08008948       0x48 ./Middlewares/ST/STM32_USB_Host_Library/Core/Src/usbh_ctlreq.o
                0x08008948                USBH_ClrFeature
 .text.USBH_ParseDevDesc
                0x08008990      0x160 ./Middlewares/ST/STM32_USB_Host_Library/Core/Src/usbh_ctlreq.o
 .text.USBH_ParseCfgDesc
                0x08008af0      0x1f8 ./Middlewares/ST/STM32_USB_Host_Library/Core/Src/usbh_ctlreq.o
 .text.USBH_ParseInterfaceDesc
                0x08008ce8       0x5e ./Middlewares/ST/STM32_USB_Host_Library/Core/Src/usbh_ctlreq.o
 .text.USBH_ParseEPDesc
                0x08008d46      0x1d0 ./Middlewares/ST/STM32_USB_Host_Library/Core/Src/usbh_ctlreq.o
 .text.USBH_ParseStringDesc
                0x08008f16       0x66 ./Middlewares/ST/STM32_USB_Host_Library/Core/Src/usbh_ctlreq.o
 .text.USBH_GetNextDesc
                0x08008f7c       0x34 ./Middlewares/ST/STM32_USB_Host_Library/Core/Src/usbh_ctlreq.o
                0x08008f7c                USBH_GetNextDesc
 .text.USBH_CtlReq
                0x08008fb0       0x92 ./Middlewares/ST/STM32_USB_Host_Library/Core/Src/usbh_ctlreq.o
                0x08008fb0                USBH_CtlReq
 *fill*         0x08009042        0x2 
 .text.USBH_HandleControl
                0x08009044      0x3a0 ./Middlewares/ST/STM32_USB_Host_Library/Core/Src/usbh_ctlreq.o
 .text.USBH_CtlSendSetup
                0x080093e4       0x34 ./Middlewares/ST/STM32_USB_Host_Library/Core/Src/usbh_ioreq.o
                0x080093e4                USBH_CtlSendSetup
 .text.USBH_CtlSendData
                0x08009418       0x4a ./Middlewares/ST/STM32_USB_Host_Library/Core/Src/usbh_ioreq.o
                0x08009418                USBH_CtlSendData
 .text.USBH_CtlReceiveData
                0x08009462       0x3c ./Middlewares/ST/STM32_USB_Host_Library/Core/Src/usbh_ioreq.o
                0x08009462                USBH_CtlReceiveData
 .text.USBH_BulkSendData
                0x0800949e       0x4a ./Middlewares/ST/STM32_USB_Host_Library/Core/Src/usbh_ioreq.o
                0x0800949e                USBH_BulkSendData
 .text.USBH_BulkReceiveData
                0x080094e8       0x3c ./Middlewares/ST/STM32_USB_Host_Library/Core/Src/usbh_ioreq.o
                0x080094e8                USBH_BulkReceiveData
 .text.USBH_OpenPipe
                0x08009524       0x3e ./Middlewares/ST/STM32_USB_Host_Library/Core/Src/usbh_pipes.o
                0x08009524                USBH_OpenPipe
 .text.USBH_ClosePipe
                0x08009562       0x20 ./Middlewares/ST/STM32_USB_Host_Library/Core/Src/usbh_pipes.o
                0x08009562                USBH_ClosePipe
 .text.USBH_AllocPipe
                0x08009582       0x42 ./Middlewares/ST/STM32_USB_Host_Library/Core/Src/usbh_pipes.o
                0x08009582                USBH_AllocPipe
 .text.USBH_FreePipe
                0x080095c4       0x3c ./Middlewares/ST/STM32_USB_Host_Library/Core/Src/usbh_pipes.o
                0x080095c4                USBH_FreePipe
 .text.USBH_GetFreePipe
                0x08009600       0x48 ./Middlewares/ST/STM32_USB_Host_Library/Core/Src/usbh_pipes.o
 .text.__NVIC_SetPriority
                0x08009648       0x54 ./Middlewares/Third_Party/FreeRTOS/Source/CMSIS_RTOS_V2/cmsis_os2.o
 .text.SysTick_Handler
                0x0800969c       0x20 ./Middlewares/Third_Party/FreeRTOS/Source/CMSIS_RTOS_V2/cmsis_os2.o
                0x0800969c                SysTick_Handler
 .text.SVC_Setup
                0x080096bc       0x12 ./Middlewares/Third_Party/FreeRTOS/Source/CMSIS_RTOS_V2/cmsis_os2.o
 *fill*         0x080096ce        0x2 
 .text.osKernelInitialize
                0x080096d0       0x48 ./Middlewares/Third_Party/FreeRTOS/Source/CMSIS_RTOS_V2/cmsis_os2.o
                0x080096d0                osKernelInitialize
 .text.osKernelStart
                0x08009718       0x4c ./Middlewares/Third_Party/FreeRTOS/Source/CMSIS_RTOS_V2/cmsis_os2.o
                0x08009718                osKernelStart
 .text.osThreadNew
                0x08009764      0x124 ./Middlewares/Third_Party/FreeRTOS/Source/CMSIS_RTOS_V2/cmsis_os2.o
                0x08009764                osThreadNew
 .text.osDelay  0x08009888       0x36 ./Middlewares/Third_Party/FreeRTOS/Source/CMSIS_RTOS_V2/cmsis_os2.o
                0x08009888                osDelay
 .text.osSemaphoreNew
                0x080098be      0x112 ./Middlewares/Third_Party/FreeRTOS/Source/CMSIS_RTOS_V2/cmsis_os2.o
                0x080098be                osSemaphoreNew
 .text.osSemaphoreAcquire
                0x080099d0       0xa4 ./Middlewares/Third_Party/FreeRTOS/Source/CMSIS_RTOS_V2/cmsis_os2.o
                0x080099d0                osSemaphoreAcquire
 .text.osSemaphoreRelease
                0x08009a74       0x88 ./Middlewares/Third_Party/FreeRTOS/Source/CMSIS_RTOS_V2/cmsis_os2.o
                0x08009a74                osSemaphoreRelease
 .text.osMessageQueueNew
                0x08009afc       0xe6 ./Middlewares/Third_Party/FreeRTOS/Source/CMSIS_RTOS_V2/cmsis_os2.o
                0x08009afc                osMessageQueueNew
 *fill*         0x08009be2        0x2 
 .text.osMessageQueuePut
                0x08009be4       0xc0 ./Middlewares/Third_Party/FreeRTOS/Source/CMSIS_RTOS_V2/cmsis_os2.o
                0x08009be4                osMessageQueuePut
 .text.osMessageQueueGet
                0x08009ca4       0xbc ./Middlewares/Third_Party/FreeRTOS/Source/CMSIS_RTOS_V2/cmsis_os2.o
                0x08009ca4                osMessageQueueGet
 .text.osMessageQueueGetSpace
                0x08009d60       0x6a ./Middlewares/Third_Party/FreeRTOS/Source/CMSIS_RTOS_V2/cmsis_os2.o
                0x08009d60                osMessageQueueGetSpace
 *fill*         0x08009dca        0x2 
 .text.vApplicationGetIdleTaskMemory
                0x08009dcc       0x34 ./Middlewares/Third_Party/FreeRTOS/Source/CMSIS_RTOS_V2/cmsis_os2.o
                0x08009dcc                vApplicationGetIdleTaskMemory
 .text.vApplicationGetTimerTaskMemory
                0x08009e00       0x34 ./Middlewares/Third_Party/FreeRTOS/Source/CMSIS_RTOS_V2/cmsis_os2.o
                0x08009e00                vApplicationGetTimerTaskMemory
 .text.vListInitialise
                0x08009e34       0x40 ./Middlewares/Third_Party/FreeRTOS/Source/list.o
                0x08009e34                vListInitialise
 .text.vListInitialiseItem
                0x08009e74       0x1a ./Middlewares/Third_Party/FreeRTOS/Source/list.o
                0x08009e74                vListInitialiseItem
 .text.vListInsertEnd
                0x08009e8e       0x48 ./Middlewares/Third_Party/FreeRTOS/Source/list.o
                0x08009e8e                vListInsertEnd
 .text.vListInsert
                0x08009ed6       0x72 ./Middlewares/Third_Party/FreeRTOS/Source/list.o
                0x08009ed6                vListInsert
 .text.uxListRemove
                0x08009f48       0x54 ./Middlewares/Third_Party/FreeRTOS/Source/list.o
                0x08009f48                uxListRemove
 .text.xQueueGenericReset
                0x08009f9c       0xd4 ./Middlewares/Third_Party/FreeRTOS/Source/queue.o
                0x08009f9c                xQueueGenericReset
 .text.xQueueGenericCreateStatic
                0x0800a070       0xfa ./Middlewares/Third_Party/FreeRTOS/Source/queue.o
                0x0800a070                xQueueGenericCreateStatic
 .text.xQueueGenericCreate
                0x0800a16a       0x76 ./Middlewares/Third_Party/FreeRTOS/Source/queue.o
                0x0800a16a                xQueueGenericCreate
 .text.prvInitialiseNewQueue
                0x0800a1e0       0x46 ./Middlewares/Third_Party/FreeRTOS/Source/queue.o
 .text.xQueueCreateCountingSemaphoreStatic
                0x0800a226       0x72 ./Middlewares/Third_Party/FreeRTOS/Source/queue.o
                0x0800a226                xQueueCreateCountingSemaphoreStatic
 .text.xQueueCreateCountingSemaphore
                0x0800a298       0x6a ./Middlewares/Third_Party/FreeRTOS/Source/queue.o
                0x0800a298                xQueueCreateCountingSemaphore
 *fill*         0x0800a302        0x2 
 .text.xQueueGenericSend
                0x0800a304      0x204 ./Middlewares/Third_Party/FreeRTOS/Source/queue.o
                0x0800a304                xQueueGenericSend
 .text.xQueueGenericSendFromISR
                0x0800a508      0x13c ./Middlewares/Third_Party/FreeRTOS/Source/queue.o
                0x0800a508                xQueueGenericSendFromISR
 .text.xQueueGiveFromISR
                0x0800a644      0x120 ./Middlewares/Third_Party/FreeRTOS/Source/queue.o
                0x0800a644                xQueueGiveFromISR
 .text.xQueueReceive
                0x0800a764      0x1c4 ./Middlewares/Third_Party/FreeRTOS/Source/queue.o
                0x0800a764                xQueueReceive
 .text.xQueueSemaphoreTake
                0x0800a928      0x220 ./Middlewares/Third_Party/FreeRTOS/Source/queue.o
                0x0800a928                xQueueSemaphoreTake
 .text.xQueueReceiveFromISR
                0x0800ab48      0x104 ./Middlewares/Third_Party/FreeRTOS/Source/queue.o
                0x0800ab48                xQueueReceiveFromISR
 .text.uxQueueSpacesAvailable
                0x0800ac4c       0x48 ./Middlewares/Third_Party/FreeRTOS/Source/queue.o
                0x0800ac4c                uxQueueSpacesAvailable
 .text.vQueueDelete
                0x0800ac94       0x48 ./Middlewares/Third_Party/FreeRTOS/Source/queue.o
                0x0800ac94                vQueueDelete
 .text.prvGetDisinheritPriorityAfterTimeout
                0x0800acdc       0x30 ./Middlewares/Third_Party/FreeRTOS/Source/queue.o
 .text.prvCopyDataToQueue
                0x0800ad0c       0xd4 ./Middlewares/Third_Party/FreeRTOS/Source/queue.o
 .text.prvCopyDataFromQueue
                0x0800ade0       0x4c ./Middlewares/Third_Party/FreeRTOS/Source/queue.o
 .text.prvUnlockQueue
                0x0800ae2c       0xa4 ./Middlewares/Third_Party/FreeRTOS/Source/queue.o
 .text.prvIsQueueEmpty
                0x0800aed0       0x2c ./Middlewares/Third_Party/FreeRTOS/Source/queue.o
 .text.prvIsQueueFull
                0x0800aefc       0x30 ./Middlewares/Third_Party/FreeRTOS/Source/queue.o
 .text.vQueueAddToRegistry
                0x0800af2c       0x54 ./Middlewares/Third_Party/FreeRTOS/Source/queue.o
                0x0800af2c                vQueueAddToRegistry
 .text.vQueueUnregisterQueue
                0x0800af80       0x54 ./Middlewares/Third_Party/FreeRTOS/Source/queue.o
                0x0800af80                vQueueUnregisterQueue
 .text.vQueueWaitForMessageRestricted
                0x0800afd4       0x68 ./Middlewares/Third_Party/FreeRTOS/Source/queue.o
                0x0800afd4                vQueueWaitForMessageRestricted
 .text.xTaskCreateStatic
                0x0800b03c       0xc0 ./Middlewares/Third_Party/FreeRTOS/Source/tasks.o
                0x0800b03c                xTaskCreateStatic
 .text.xTaskCreate
                0x0800b0fc       0x8a ./Middlewares/Third_Party/FreeRTOS/Source/tasks.o
                0x0800b0fc                xTaskCreate
 .text.prvInitialiseNewTask
                0x0800b186      0x120 ./Middlewares/Third_Party/FreeRTOS/Source/tasks.o
 *fill*         0x0800b2a6        0x2 
 .text.prvAddNewTaskToReadyList
                0x0800b2a8       0xe0 ./Middlewares/Third_Party/FreeRTOS/Source/tasks.o
 .text.vTaskDelay
                0x0800b388       0x6c ./Middlewares/Third_Party/FreeRTOS/Source/tasks.o
                0x0800b388                vTaskDelay
 .text.vTaskStartScheduler
                0x0800b3f4       0xd0 ./Middlewares/Third_Party/FreeRTOS/Source/tasks.o
                0x0800b3f4                vTaskStartScheduler
 .text.vTaskSuspendAll
                0x0800b4c4       0x1c ./Middlewares/Third_Party/FreeRTOS/Source/tasks.o
                0x0800b4c4                vTaskSuspendAll
 .text.xTaskResumeAll
                0x0800b4e0      0x13c ./Middlewares/Third_Party/FreeRTOS/Source/tasks.o
                0x0800b4e0                xTaskResumeAll
 .text.xTaskGetTickCount
                0x0800b61c       0x20 ./Middlewares/Third_Party/FreeRTOS/Source/tasks.o
                0x0800b61c                xTaskGetTickCount
 .text.xTaskIncrementTick
                0x0800b63c      0x174 ./Middlewares/Third_Party/FreeRTOS/Source/tasks.o
                0x0800b63c                xTaskIncrementTick
 .text.vTaskSwitchContext
                0x0800b7b0       0xbc ./Middlewares/Third_Party/FreeRTOS/Source/tasks.o
                0x0800b7b0                vTaskSwitchContext
 .text.vTaskPlaceOnEventList
                0x0800b86c       0x4c ./Middlewares/Third_Party/FreeRTOS/Source/tasks.o
                0x0800b86c                vTaskPlaceOnEventList
 .text.vTaskPlaceOnEventListRestricted
                0x0800b8b8       0x58 ./Middlewares/Third_Party/FreeRTOS/Source/tasks.o
                0x0800b8b8                vTaskPlaceOnEventListRestricted
 .text.xTaskRemoveFromEventList
                0x0800b910       0xc8 ./Middlewares/Third_Party/FreeRTOS/Source/tasks.o
                0x0800b910                xTaskRemoveFromEventList
 .text.vTaskInternalSetTimeOutState
                0x0800b9d8       0x2c ./Middlewares/Third_Party/FreeRTOS/Source/tasks.o
                0x0800b9d8                vTaskInternalSetTimeOutState
 .text.xTaskCheckForTimeOut
                0x0800ba04       0xc8 ./Middlewares/Third_Party/FreeRTOS/Source/tasks.o
                0x0800ba04                xTaskCheckForTimeOut
 .text.vTaskMissedYield
                0x0800bacc       0x18 ./Middlewares/Third_Party/FreeRTOS/Source/tasks.o
                0x0800bacc                vTaskMissedYield
 .text.prvIdleTask
                0x0800bae4       0x30 ./Middlewares/Third_Party/FreeRTOS/Source/tasks.o
 .text.prvInitialiseTaskLists
                0x0800bb14       0x80 ./Middlewares/Third_Party/FreeRTOS/Source/tasks.o
 .text.prvCheckTasksWaitingTermination
                0x0800bb94       0x5c ./Middlewares/Third_Party/FreeRTOS/Source/tasks.o
 .text.prvDeleteTCB
                0x0800bbf0       0x60 ./Middlewares/Third_Party/FreeRTOS/Source/tasks.o
 .text.prvResetNextTaskUnblockTime
                0x0800bc50       0x40 ./Middlewares/Third_Party/FreeRTOS/Source/tasks.o
 .text.xTaskGetSchedulerState
                0x0800bc90       0x3c ./Middlewares/Third_Party/FreeRTOS/Source/tasks.o
                0x0800bc90                xTaskGetSchedulerState
 .text.xTaskPriorityInherit
                0x0800bccc       0xd0 ./Middlewares/Third_Party/FreeRTOS/Source/tasks.o
                0x0800bccc                xTaskPriorityInherit
 .text.xTaskPriorityDisinherit
                0x0800bd9c       0xe0 ./Middlewares/Third_Party/FreeRTOS/Source/tasks.o
                0x0800bd9c                xTaskPriorityDisinherit
 .text.vTaskPriorityDisinheritAfterTimeout
                0x0800be7c      0x108 ./Middlewares/Third_Party/FreeRTOS/Source/tasks.o
                0x0800be7c                vTaskPriorityDisinheritAfterTimeout
 .text.pvTaskIncrementMutexHeldCount
                0x0800bf84       0x28 ./Middlewares/Third_Party/FreeRTOS/Source/tasks.o
                0x0800bf84                pvTaskIncrementMutexHeldCount
 .text.prvAddCurrentTaskToDelayedList
                0x0800bfac       0xa8 ./Middlewares/Third_Party/FreeRTOS/Source/tasks.o
 .text.xTimerCreateTimerTask
                0x0800c054       0x94 ./Middlewares/Third_Party/FreeRTOS/Source/timers.o
                0x0800c054                xTimerCreateTimerTask
 .text.xTimerGenericCommand
                0x0800c0e8       0x9c ./Middlewares/Third_Party/FreeRTOS/Source/timers.o
                0x0800c0e8                xTimerGenericCommand
 .text.prvProcessExpiredTimer
                0x0800c184       0x9c ./Middlewares/Third_Party/FreeRTOS/Source/timers.o
 .text.prvTimerTask
                0x0800c220       0x26 ./Middlewares/Third_Party/FreeRTOS/Source/timers.o
 *fill*         0x0800c246        0x2 
 .text.prvProcessTimerOrBlockTask
                0x0800c248       0x9c ./Middlewares/Third_Party/FreeRTOS/Source/timers.o
 .text.prvGetNextExpireTime
                0x0800c2e4       0x48 ./Middlewares/Third_Party/FreeRTOS/Source/timers.o
 .text.prvSampleTimeNow
                0x0800c32c       0x40 ./Middlewares/Third_Party/FreeRTOS/Source/timers.o
 .text.prvInsertTimerInActiveList
                0x0800c36c       0x84 ./Middlewares/Third_Party/FreeRTOS/Source/timers.o
 .text.prvProcessReceivedCommands
                0x0800c3f0      0x1cc ./Middlewares/Third_Party/FreeRTOS/Source/timers.o
 .text.prvSwitchTimerLists
                0x0800c5bc       0xcc ./Middlewares/Third_Party/FreeRTOS/Source/timers.o
 .text.prvCheckForValidListAndQueue
                0x0800c688       0x80 ./Middlewares/Third_Party/FreeRTOS/Source/timers.o
 .text.pxPortInitialiseStack
                0x0800c708       0x68 ./Middlewares/Third_Party/FreeRTOS/Source/portable/GCC/ARM_CM4F/port.o
                0x0800c708                pxPortInitialiseStack
 .text.prvTaskExitError
                0x0800c770       0x5c ./Middlewares/Third_Party/FreeRTOS/Source/portable/GCC/ARM_CM4F/port.o
 *fill*         0x0800c7cc        0x4 
 .text.SVC_Handler
                0x0800c7d0       0x28 ./Middlewares/Third_Party/FreeRTOS/Source/portable/GCC/ARM_CM4F/port.o
                0x0800c7d0                SVC_Handler
 .text.prvPortStartFirstTask
                0x0800c7f8       0x28 ./Middlewares/Third_Party/FreeRTOS/Source/portable/GCC/ARM_CM4F/port.o
 .text.xPortStartScheduler
                0x0800c820      0x148 ./Middlewares/Third_Party/FreeRTOS/Source/portable/GCC/ARM_CM4F/port.o
                0x0800c820                xPortStartScheduler
 .text.vPortEnterCritical
                0x0800c968       0x64 ./Middlewares/Third_Party/FreeRTOS/Source/portable/GCC/ARM_CM4F/port.o
                0x0800c968                vPortEnterCritical
 .text.vPortExitCritical
                0x0800c9cc       0x54 ./Middlewares/Third_Party/FreeRTOS/Source/portable/GCC/ARM_CM4F/port.o
                0x0800c9cc                vPortExitCritical
 .text.PendSV_Handler
                0x0800ca20       0x68 ./Middlewares/Third_Party/FreeRTOS/Source/portable/GCC/ARM_CM4F/port.o
                0x0800ca20                PendSV_Handler
 .text.xPortSysTickHandler
                0x0800ca88       0x44 ./Middlewares/Third_Party/FreeRTOS/Source/portable/GCC/ARM_CM4F/port.o
                0x0800ca88                xPortSysTickHandler
 .text.vPortSetupTimerInterrupt
                0x0800cacc       0x48 ./Middlewares/Third_Party/FreeRTOS/Source/portable/GCC/ARM_CM4F/port.o
                0x0800cacc                vPortSetupTimerInterrupt
 .text.vPortEnableVFP
                0x0800cb14       0x14 ./Middlewares/Third_Party/FreeRTOS/Source/portable/GCC/ARM_CM4F/port.o
 .text.vPortValidateInterruptPriority
                0x0800cb28       0x84 ./Middlewares/Third_Party/FreeRTOS/Source/portable/GCC/ARM_CM4F/port.o
                0x0800cb28                vPortValidateInterruptPriority
 .text.pvPortMalloc
                0x0800cbac      0x19c ./Middlewares/Third_Party/FreeRTOS/Source/portable/MemMang/heap_4.o
                0x0800cbac                pvPortMalloc
 .text.vPortFree
                0x0800cd48       0xc8 ./Middlewares/Third_Party/FreeRTOS/Source/portable/MemMang/heap_4.o
                0x0800cd48                vPortFree
 .text.prvHeapInit
                0x0800ce10       0xc4 ./Middlewares/Third_Party/FreeRTOS/Source/portable/MemMang/heap_4.o
 .text.prvInsertBlockIntoFreeList
                0x0800ced4       0xb4 ./Middlewares/Third_Party/FreeRTOS/Source/portable/MemMang/heap_4.o
 .text.MX_USB_HOST_Init
                0x0800cf88       0x4c ./USB_HOST/App/usb_host.o
                0x0800cf88                MX_USB_HOST_Init
 .text.USBH_UserProcess
                0x0800cfd4       0x5c ./USB_HOST/App/usb_host.o
 .text.HAL_HCD_MspInit
                0x0800d030       0xc4 ./USB_HOST/Target/usbh_conf.o
                0x0800d030                HAL_HCD_MspInit
 .text.HAL_HCD_SOF_Callback
                0x0800d0f4       0x1c ./USB_HOST/Target/usbh_conf.o
                0x0800d0f4                HAL_HCD_SOF_Callback
 .text.HAL_HCD_Connect_Callback
                0x0800d110       0x1c ./USB_HOST/Target/usbh_conf.o
                0x0800d110                HAL_HCD_Connect_Callback
 .text.HAL_HCD_Disconnect_Callback
                0x0800d12c       0x1c ./USB_HOST/Target/usbh_conf.o
                0x0800d12c                HAL_HCD_Disconnect_Callback
 .text.HAL_HCD_HC_NotifyURBChange_Callback
                0x0800d148       0x24 ./USB_HOST/Target/usbh_conf.o
                0x0800d148                HAL_HCD_HC_NotifyURBChange_Callback
 .text.HAL_HCD_PortEnabled_Callback
                0x0800d16c       0x1c ./USB_HOST/Target/usbh_conf.o
                0x0800d16c                HAL_HCD_PortEnabled_Callback
 .text.HAL_HCD_PortDisabled_Callback
                0x0800d188       0x1c ./USB_HOST/Target/usbh_conf.o
                0x0800d188                HAL_HCD_PortDisabled_Callback
 .text.USBH_LL_Init
                0x0800d1a4       0x78 ./USB_HOST/Target/usbh_conf.o
                0x0800d1a4                USBH_LL_Init
 .text.USBH_LL_Start
                0x0800d21c       0x36 ./USB_HOST/Target/usbh_conf.o
                0x0800d21c                USBH_LL_Start
 .text.USBH_LL_Stop
                0x0800d252       0x36 ./USB_HOST/Target/usbh_conf.o
                0x0800d252                USBH_LL_Stop
 .text.USBH_LL_GetSpeed
                0x0800d288       0x4e ./USB_HOST/Target/usbh_conf.o
                0x0800d288                USBH_LL_GetSpeed
 .text.USBH_LL_ResetPort
                0x0800d2d6       0x36 ./USB_HOST/Target/usbh_conf.o
                0x0800d2d6                USBH_LL_ResetPort
 .text.USBH_LL_GetLastXferSize
                0x0800d30c       0x26 ./USB_HOST/Target/usbh_conf.o
                0x0800d30c                USBH_LL_GetLastXferSize
 .text.USBH_LL_OpenPipe
                0x0800d332       0x5e ./USB_HOST/Target/usbh_conf.o
                0x0800d332                USBH_LL_OpenPipe
 .text.USBH_LL_ClosePipe
                0x0800d390       0x1a ./USB_HOST/Target/usbh_conf.o
                0x0800d390                USBH_LL_ClosePipe
 .text.USBH_LL_SubmitURB
                0x0800d3aa       0x62 ./USB_HOST/Target/usbh_conf.o
                0x0800d3aa                USBH_LL_SubmitURB
 .text.USBH_LL_GetURBState
                0x0800d40c       0x26 ./USB_HOST/Target/usbh_conf.o
                0x0800d40c                USBH_LL_GetURBState
 .text.USBH_LL_DriverVBUS
                0x0800d432       0x2e ./USB_HOST/Target/usbh_conf.o
                0x0800d432                USBH_LL_DriverVBUS
 .text.USBH_LL_SetToggle
                0x0800d460       0x66 ./USB_HOST/Target/usbh_conf.o
                0x0800d460                USBH_LL_SetToggle
 .text.USBH_Delay
                0x0800d4c6       0x16 ./USB_HOST/Target/usbh_conf.o
                0x0800d4c6                USBH_Delay
 .text.USBH_Get_USB_Status
                0x0800d4dc       0x58 ./USB_HOST/Target/usbh_conf.o
                0x0800d4dc                USBH_Get_USB_Status
 .text.MX_DriverVbusFS
                0x0800d534       0x38 ./USB_HOST/Target/usbh_platform.o
                0x0800d534                MX_DriverVbusFS
 .text.malloc   0x0800d56c       0x10 C:/Users/capunom/STM32CubeIDE_2.2.0/STM32CubeIDE/plugins/com.st.stm32cube.ide.mcu.externaltools.gnu-tools-for-stm32.14.3.rel1.win32_1.0.100.202602081740/tools/bin/../lib/gcc/arm-none-eabi/14.3.1/../../../../arm-none-eabi/lib/thumb/v7e-m+fp/hard\libc_nano.a(libc_a-malloc.o)
                0x0800d56c                malloc
 .text.free     0x0800d57c       0x10 C:/Users/capunom/STM32CubeIDE_2.2.0/STM32CubeIDE/plugins/com.st.stm32cube.ide.mcu.externaltools.gnu-tools-for-stm32.14.3.rel1.win32_1.0.100.202602081740/tools/bin/../lib/gcc/arm-none-eabi/14.3.1/../../../../arm-none-eabi/lib/thumb/v7e-m+fp/hard\libc_nano.a(libc_a-malloc.o)
                0x0800d57c                free
 .text.sbrk_aligned
                0x0800d58c       0x44 C:/Users/capunom/STM32CubeIDE_2.2.0/STM32CubeIDE/plugins/com.st.stm32cube.ide.mcu.externaltools.gnu-tools-for-stm32.14.3.rel1.win32_1.0.100.202602081740/tools/bin/../lib/gcc/arm-none-eabi/14.3.1/../../../../arm-none-eabi/lib/thumb/v7e-m+fp/hard\libc_nano.a(libc_a-mallocr.o)
 .text._malloc_r
                0x0800d5d0      0x100 C:/Users/capunom/STM32CubeIDE_2.2.0/STM32CubeIDE/plugins/com.st.stm32cube.ide.mcu.externaltools.gnu-tools-for-stm32.14.3.rel1.win32_1.0.100.202602081740/tools/bin/../lib/gcc/arm-none-eabi/14.3.1/../../../../arm-none-eabi/lib/thumb/v7e-m+fp/hard\libc_nano.a(libc_a-mallocr.o)
                0x0800d5d0                _malloc_r
 .text.__malloc_lock
                0x0800d6d0        0xc C:/Users/capunom/STM32CubeIDE_2.2.0/STM32CubeIDE/plugins/com.st.stm32cube.ide.mcu.externaltools.gnu-tools-for-stm32.14.3.rel1.win32_1.0.100.202602081740/tools/bin/../lib/gcc/arm-none-eabi/14.3.1/../../../../arm-none-eabi/lib/thumb/v7e-m+fp/hard\libc_nano.a(libc_a-mlock.o)
                0x0800d6d0                __malloc_lock
 .text.__malloc_unlock
                0x0800d6dc        0xc C:/Users/capunom/STM32CubeIDE_2.2.0/STM32CubeIDE/plugins/com.st.stm32cube.ide.mcu.externaltools.gnu-tools-for-stm32.14.3.rel1.win32_1.0.100.202602081740/tools/bin/../lib/gcc/arm-none-eabi/14.3.1/../../../../arm-none-eabi/lib/thumb/v7e-m+fp/hard\libc_nano.a(libc_a-mlock.o)
                0x0800d6dc                __malloc_unlock
 .text.memset   0x0800d6e8       0x10 C:/Users/capunom/STM32CubeIDE_2.2.0/STM32CubeIDE/plugins/com.st.stm32cube.ide.mcu.externaltools.gnu-tools-for-stm32.14.3.rel1.win32_1.0.100.202602081740/tools/bin/../lib/gcc/arm-none-eabi/14.3.1/../../../../arm-none-eabi/lib/thumb/v7e-m+fp/hard\libc_nano.a(libc_a-memset.o)
                0x0800d6e8                memset
 .text._sbrk_r  0x0800d6f8       0x20 C:/Users/capunom/STM32CubeIDE_2.2.0/STM32CubeIDE/plugins/com.st.stm32cube.ide.mcu.externaltools.gnu-tools-for-stm32.14.3.rel1.win32_1.0.100.202602081740/tools/bin/../lib/gcc/arm-none-eabi/14.3.1/../../../../arm-none-eabi/lib/thumb/v7e-m+fp/hard\libc_nano.a(libc_a-sbrkr.o)
                0x0800d6f8                _sbrk_r
 .text.__errno  0x0800d718        0xc C:/Users/capunom/STM32CubeIDE_2.2.0/STM32CubeIDE/plugins/com.st.stm32cube.ide.mcu.externaltools.gnu-tools-for-stm32.14.3.rel1.win32_1.0.100.202602081740/tools/bin/../lib/gcc/arm-none-eabi/14.3.1/../../../../arm-none-eabi/lib/thumb/v7e-m+fp/hard\libc_nano.a(libc_a-errno.o)
                0x0800d718                __errno
 .text.__libc_init_array
                0x0800d724       0x48 C:/Users/capunom/STM32CubeIDE_2.2.0/STM32CubeIDE/plugins/com.st.stm32cube.ide.mcu.externaltools.gnu-tools-for-stm32.14.3.rel1.win32_1.0.100.202602081740/tools/bin/../lib/gcc/arm-none-eabi/14.3.1/../../../../arm-none-eabi/lib/thumb/v7e-m+fp/hard\libc_nano.a(libc_a-init.o)
                0x0800d724                __libc_init_array
 .text.__retarget_lock_acquire_recursive
                0x0800d76c        0x2 C:/Users/capunom/STM32CubeIDE_2.2.0/STM32CubeIDE/plugins/com.st.stm32cube.ide.mcu.externaltools.gnu-tools-for-stm32.14.3.rel1.win32_1.0.100.202602081740/tools/bin/../lib/gcc/arm-none-eabi/14.3.1/../../../../arm-none-eabi/lib/thumb/v7e-m+fp/hard\libc_nano.a(libc_a-lock.o)
                0x0800d76c                __retarget_lock_acquire_recursive
 .text.__retarget_lock_release_recursive
                0x0800d76e        0x2 C:/Users/capunom/STM32CubeIDE_2.2.0/STM32CubeIDE/plugins/com.st.stm32cube.ide.mcu.externaltools.gnu-tools-for-stm32.14.3.rel1.win32_1.0.100.202602081740/tools/bin/../lib/gcc/arm-none-eabi/14.3.1/../../../../arm-none-eabi/lib/thumb/v7e-m+fp/hard\libc_nano.a(libc_a-lock.o)
                0x0800d76e                __retarget_lock_release_recursive
 .text.memcpy   0x0800d770       0x1c C:/Users/capunom/STM32CubeIDE_2.2.0/STM32CubeIDE/plugins/com.st.stm32cube.ide.mcu.externaltools.gnu-tools-for-stm32.14.3.rel1.win32_1.0.100.202602081740/tools/bin/../lib/gcc/arm-none-eabi/14.3.1/../../../../arm-none-eabi/lib/thumb/v7e-m+fp/hard\libc_nano.a(libc_a-memcpy-stub.o)
                0x0800d770                memcpy
 .text._free_r  0x0800d78c       0x94 C:/Users/capunom/STM32CubeIDE_2.2.0/STM32CubeIDE/plugins/com.st.stm32cube.ide.mcu.externaltools.gnu-tools-for-stm32.14.3.rel1.win32_1.0.100.202602081740/tools/bin/../lib/gcc/arm-none-eabi/14.3.1/../../../../arm-none-eabi/lib/thumb/v7e-m+fp/hard\libc_nano.a(libc_a-freer.o)
                0x0800d78c                _free_r
 *(.glue_7)
 .glue_7        0x0800d820        0x0 linker stubs
 *(.glue_7t)
 .glue_7t       0x0800d820        0x0 linker stubs
 *(.eh_frame)
 .eh_frame      0x0800d820        0x0 C:/Users/capunom/STM32CubeIDE_2.2.0/STM32CubeIDE/plugins/com.st.stm32cube.ide.mcu.externaltools.gnu-tools-for-stm32.14.3.rel1.win32_1.0.100.202602081740/tools/bin/../lib/gcc/arm-none-eabi/14.3.1/thumb/v7e-m+fp/hard/crtbegin.o
 *(.init)
 .init          0x0800d820        0x4 C:/Users/capunom/STM32CubeIDE_2.2.0/STM32CubeIDE/plugins/com.st.stm32cube.ide.mcu.externaltools.gnu-tools-for-stm32.14.3.rel1.win32_1.0.100.202602081740/tools/bin/../lib/gcc/arm-none-eabi/14.3.1/thumb/v7e-m+fp/hard/crti.o
                0x0800d820                _init
 .init          0x0800d824        0x8 C:/Users/capunom/STM32CubeIDE_2.2.0/STM32CubeIDE/plugins/com.st.stm32cube.ide.mcu.externaltools.gnu-tools-for-stm32.14.3.rel1.win32_1.0.100.202602081740/tools/bin/../lib/gcc/arm-none-eabi/14.3.1/thumb/v7e-m+fp/hard/crtn.o
 *(.fini)
 .fini          0x0800d82c        0x4 C:/Users/capunom/STM32CubeIDE_2.2.0/STM32CubeIDE/plugins/com.st.stm32cube.ide.mcu.externaltools.gnu-tools-for-stm32.14.3.rel1.win32_1.0.100.202602081740/tools/bin/../lib/gcc/arm-none-eabi/14.3.1/thumb/v7e-m+fp/hard/crti.o
                0x0800d82c                _fini
 .fini          0x0800d830        0x8 C:/Users/capunom/STM32CubeIDE_2.2.0/STM32CubeIDE/plugins/com.st.stm32cube.ide.mcu.externaltools.gnu-tools-for-stm32.14.3.rel1.win32_1.0.100.202602081740/tools/bin/../lib/gcc/arm-none-eabi/14.3.1/thumb/v7e-m+fp/hard/crtn.o
                0x0800d838                        . = ALIGN (0x4)
                0x0800d838                        _etext = .

.vfp11_veneer   0x0800d838        0x0
 .vfp11_veneer  0x0800d838        0x0 linker stubs

.v4_bx          0x0800d838        0x0
 .v4_bx         0x0800d838        0x0 linker stubs

.iplt           0x0800d838        0x0
 .iplt          0x0800d838        0x0 C:/Users/capunom/STM32CubeIDE_2.2.0/STM32CubeIDE/plugins/com.st.stm32cube.ide.mcu.externaltools.gnu-tools-for-stm32.14.3.rel1.win32_1.0.100.202602081740/tools/bin/../lib/gcc/arm-none-eabi/14.3.1/thumb/v7e-m+fp/hard/crtbegin.o

.rodata         0x0800d838      0x13c
                0x0800d838                        . = ALIGN (0x4)
 *(.rodata)
 .rodata        0x0800d838       0x42 ./Core/Src/main.o
 *fill*         0x0800d87a        0x2 
 .rodata        0x0800d87c        0x4 ./Middlewares/ST/STM32_USB_Host_Library/Class/CDC/Src/usbh_cdc.o
 .rodata        0x0800d880        0xb ./Middlewares/ST/STM32_USB_Host_Library/Core/Src/usbh_core.o
 *fill*         0x0800d88b        0x1 
 .rodata        0x0800d88c        0x5 ./Middlewares/Third_Party/FreeRTOS/Source/tasks.o
 *fill*         0x0800d891        0x3 
 .rodata        0x0800d894        0xd ./Middlewares/Third_Party/FreeRTOS/Source/timers.o
 *(.rodata*)
 *fill*         0x0800d8a1        0x3 
 .rodata.defaultTask_attributes
                0x0800d8a4       0x24 ./Core/Src/main.o
                0x0800d8a4                defaultTask_attributes
 .rodata.TempTask_attributes
                0x0800d8c8       0x24 ./Core/Src/main.o
                0x0800d8c8                TempTask_attributes
 .rodata.LedTask_attributes
                0x0800d8ec       0x24 ./Core/Src/main.o
                0x0800d8ec                LedTask_attributes
 .rodata.ButtonTask_attributes
                0x0800d910       0x24 ./Core/Src/main.o
                0x0800d910                ButtonTask_attributes
 .rodata.TempQueue_attributes
                0x0800d934       0x18 ./Core/Src/main.o
                0x0800d934                TempQueue_attributes
 .rodata.ButtonSem_attributes
                0x0800d94c       0x10 ./Core/Src/main.o
                0x0800d94c                ButtonSem_attributes
 .rodata.AHBPrescTable
                0x0800d95c       0x10 ./Core/Src/system_stm32f4xx.o
                0x0800d95c                AHBPrescTable
 .rodata.APBPrescTable
                0x0800d96c        0x8 ./Core/Src/system_stm32f4xx.o
                0x0800d96c                APBPrescTable
                0x0800d974                        . = ALIGN (0x4)

.ARM.extab      0x0800d974        0x0
                0x0800d974                        . = ALIGN (0x4)
 *(.ARM.extab* .gnu.linkonce.armextab.*)
                0x0800d974                        . = ALIGN (0x4)

.ARM            0x0800d974        0x8
                0x0800d974                        . = ALIGN (0x4)
                0x0800d974                        __exidx_start = .
 *(.ARM.exidx*)
 .ARM.exidx     0x0800d974        0x8 C:/Users/capunom/STM32CubeIDE_2.2.0/STM32CubeIDE/plugins/com.st.stm32cube.ide.mcu.externaltools.gnu-tools-for-stm32.14.3.rel1.win32_1.0.100.202602081740/tools/bin/../lib/gcc/arm-none-eabi/14.3.1/thumb/v7e-m+fp/hard\libgcc.a(_udivmoddi4.o)
                0x0800d97c                        __exidx_end = .
                0x0800d97c                        . = ALIGN (0x4)

.preinit_array  0x0800d97c        0x0
                0x0800d97c                        . = ALIGN (0x4)
                0x0800d97c                        PROVIDE (__preinit_array_start = .)
 *(.preinit_array*)
                0x0800d97c                        PROVIDE (__preinit_array_end = .)
                0x0800d97c                        . = ALIGN (0x4)

.init_array     0x0800d97c        0x4
                0x0800d97c                        . = ALIGN (0x4)
                0x0800d97c                        PROVIDE (__init_array_start = .)
 *(SORT_BY_NAME(.init_array.*))
 *(.init_array*)
 .init_array    0x0800d97c        0x4 C:/Users/capunom/STM32CubeIDE_2.2.0/STM32CubeIDE/plugins/com.st.stm32cube.ide.mcu.externaltools.gnu-tools-for-stm32.14.3.rel1.win32_1.0.100.202602081740/tools/bin/../lib/gcc/arm-none-eabi/14.3.1/thumb/v7e-m+fp/hard/crtbegin.o
                0x0800d980                        PROVIDE (__init_array_end = .)
                0x0800d980                        . = ALIGN (0x4)

.fini_array     0x0800d980        0x4
                0x0800d980                        . = ALIGN (0x4)
                [!provide]                        PROVIDE (__fini_array_start = .)
 *(SORT_BY_NAME(.fini_array.*))
 *(.fini_array*)
 .fini_array    0x0800d980        0x4 C:/Users/capunom/STM32CubeIDE_2.2.0/STM32CubeIDE/plugins/com.st.stm32cube.ide.mcu.externaltools.gnu-tools-for-stm32.14.3.rel1.win32_1.0.100.202602081740/tools/bin/../lib/gcc/arm-none-eabi/14.3.1/thumb/v7e-m+fp/hard/crtbegin.o
                [!provide]                        PROVIDE (__fini_array_end = .)
                0x0800d984                        . = ALIGN (0x4)
                0x0800d984                        _sidata = LOADADDR (.data)

.rel.dyn        0x0800d984        0x0
 .rel.iplt      0x0800d984        0x0 C:/Users/capunom/STM32CubeIDE_2.2.0/STM32CubeIDE/plugins/com.st.stm32cube.ide.mcu.externaltools.gnu-tools-for-stm32.14.3.rel1.win32_1.0.100.202602081740/tools/bin/../lib/gcc/arm-none-eabi/14.3.1/thumb/v7e-m+fp/hard/crtbegin.o

.data           0x20000000       0x80 load address 0x0800d984
                0x20000000                        . = ALIGN (0x4)
                0x20000000                        _sdata = .
 *(.data)
 *(.data*)
 .data.SystemCoreClock
                0x20000000        0x4 ./Core/Src/system_stm32f4xx.o
                0x20000000                SystemCoreClock
 .data.uwTickPrio
                0x20000004        0x4 ./Drivers/STM32F4xx_HAL_Driver/Src/stm32f4xx_hal.o
                0x20000004                uwTickPrio
 .data.uwTickFreq
                0x20000008        0x1 ./Drivers/STM32F4xx_HAL_Driver/Src/stm32f4xx_hal.o
                0x20000008                uwTickFreq
 *fill*         0x20000009        0x3 
 .data.CDC_Class
                0x2000000c       0x20 ./Middlewares/ST/STM32_USB_Host_Library/Class/CDC/Src/usbh_cdc.o
                0x2000000c                CDC_Class
 .data.uxCriticalNesting
                0x2000002c        0x4 ./Middlewares/Third_Party/FreeRTOS/Source/portable/GCC/ARM_CM4F/port.o
 .data._impure_ptr
                0x20000030        0x4 C:/Users/capunom/STM32CubeIDE_2.2.0/STM32CubeIDE/plugins/com.st.stm32cube.ide.mcu.externaltools.gnu-tools-for-stm32.14.3.rel1.win32_1.0.100.202602081740/tools/bin/../lib/gcc/arm-none-eabi/14.3.1/../../../../arm-none-eabi/lib/thumb/v7e-m+fp/hard\libc_nano.a(libc_a-impure.o)
                0x20000030                _impure_ptr
 .data._impure_data
                0x20000034       0x4c C:/Users/capunom/STM32CubeIDE_2.2.0/STM32CubeIDE/plugins/com.st.stm32cube.ide.mcu.externaltools.gnu-tools-for-stm32.14.3.rel1.win32_1.0.100.202602081740/tools/bin/../lib/gcc/arm-none-eabi/14.3.1/../../../../arm-none-eabi/lib/thumb/v7e-m+fp/hard\libc_nano.a(libc_a-impure.o)
                0x20000034                _impure_data
 *(.RamFunc)
 *(.RamFunc*)
                0x20000080                        . = ALIGN (0x4)
                0x20000080                        _edata = .
                0x0800da04                        _siccmram = LOADADDR (.ccmram)

.igot.plt       0x20000080        0x0 load address 0x0800da04
 .igot.plt      0x20000080        0x0 C:/Users/capunom/STM32CubeIDE_2.2.0/STM32CubeIDE/plugins/com.st.stm32cube.ide.mcu.externaltools.gnu-tools-for-stm32.14.3.rel1.win32_1.0.100.202602081740/tools/bin/../lib/gcc/arm-none-eabi/14.3.1/thumb/v7e-m+fp/hard/crtbegin.o

.ccmram         0x10000000        0x0 load address 0x0800da04
                0x10000000                        . = ALIGN (0x4)
                0x10000000                        _sccmram = .
 *(.ccmram)
 *(.ccmram*)
                0x10000000                        . = ALIGN (0x4)
                0x10000000                        _eccmram = .
                0x10000000                        . = ALIGN (0x4)

.bss            0x20000080     0x5444
                0x20000080                        _sbss = .
                0x20000080                        __bss_start__ = _sbss
 *(.bss)
 .bss           0x20000080       0x1c C:/Users/capunom/STM32CubeIDE_2.2.0/STM32CubeIDE/plugins/com.st.stm32cube.ide.mcu.externaltools.gnu-tools-for-stm32.14.3.rel1.win32_1.0.100.202602081740/tools/bin/../lib/gcc/arm-none-eabi/14.3.1/thumb/v7e-m+fp/hard/crtbegin.o
 *(.bss*)
 .bss.hadc1     0x2000009c       0x48 ./Core/Src/main.o
                0x2000009c                hadc1
 .bss.hi2c1     0x200000e4       0x54 ./Core/Src/main.o
                0x200000e4                hi2c1
 .bss.hi2s3     0x20000138       0x48 ./Core/Src/main.o
                0x20000138                hi2s3
 .bss.hspi1     0x20000180       0x58 ./Core/Src/main.o
                0x20000180                hspi1
 .bss.defaultTaskHandle
                0x200001d8        0x4 ./Core/Src/main.o
                0x200001d8                defaultTaskHandle
 .bss.TempTaskHandle
                0x200001dc        0x4 ./Core/Src/main.o
                0x200001dc                TempTaskHandle
 .bss.LedTaskHandle
                0x200001e0        0x4 ./Core/Src/main.o
                0x200001e0                LedTaskHandle
 .bss.ButtonTaskHandle
                0x200001e4        0x4 ./Core/Src/main.o
                0x200001e4                ButtonTaskHandle
 .bss.TempQueueHandle
                0x200001e8        0x4 ./Core/Src/main.o
                0x200001e8                TempQueueHandle
 .bss.ButtonSemHandle
                0x200001ec        0x4 ./Core/Src/main.o
                0x200001ec                ButtonSemHandle
 .bss.htim1     0x200001f0       0x48 ./Core/Src/stm32f4xx_hal_timebase_tim.o
                0x200001f0                htim1
 .bss.__sbrk_heap_end
                0x20000238        0x4 ./Core/Src/sysmem.o
 .bss.uwTick    0x2000023c        0x4 ./Drivers/STM32F4xx_HAL_Driver/Src/stm32f4xx_hal.o
                0x2000023c                uwTick
 .bss.USBH_Thread_Atrr
                0x20000240       0x24 ./Middlewares/ST/STM32_USB_Host_Library/Core/Src/usbh_core.o
                0x20000240                USBH_Thread_Atrr
 .bss.KernelState
                0x20000264        0x4 ./Middlewares/Third_Party/FreeRTOS/Source/CMSIS_RTOS_V2/cmsis_os2.o
 .bss.Idle_TCB.3
                0x20000268       0x5c ./Middlewares/Third_Party/FreeRTOS/Source/CMSIS_RTOS_V2/cmsis_os2.o
 .bss.Idle_Stack.2
                0x200002c4      0x200 ./Middlewares/Third_Party/FreeRTOS/Source/CMSIS_RTOS_V2/cmsis_os2.o
 .bss.Timer_TCB.1
                0x200004c4       0x5c ./Middlewares/Third_Party/FreeRTOS/Source/CMSIS_RTOS_V2/cmsis_os2.o
 .bss.Timer_Stack.0
                0x20000520      0x400 ./Middlewares/Third_Party/FreeRTOS/Source/CMSIS_RTOS_V2/cmsis_os2.o
 .bss.xQueueRegistry
                0x20000920       0x40 ./Middlewares/Third_Party/FreeRTOS/Source/queue.o
                0x20000920                xQueueRegistry
 .bss.pxCurrentTCB
                0x20000960        0x4 ./Middlewares/Third_Party/FreeRTOS/Source/tasks.o
                0x20000960                pxCurrentTCB
 .bss.pxReadyTasksLists
                0x20000964      0x460 ./Middlewares/Third_Party/FreeRTOS/Source/tasks.o
 .bss.xDelayedTaskList1
                0x20000dc4       0x14 ./Middlewares/Third_Party/FreeRTOS/Source/tasks.o
 .bss.xDelayedTaskList2
                0x20000dd8       0x14 ./Middlewares/Third_Party/FreeRTOS/Source/tasks.o
 .bss.pxDelayedTaskList
                0x20000dec        0x4 ./Middlewares/Third_Party/FreeRTOS/Source/tasks.o
 .bss.pxOverflowDelayedTaskList
                0x20000df0        0x4 ./Middlewares/Third_Party/FreeRTOS/Source/tasks.o
 .bss.xPendingReadyList
                0x20000df4       0x14 ./Middlewares/Third_Party/FreeRTOS/Source/tasks.o
 .bss.xTasksWaitingTermination
                0x20000e08       0x14 ./Middlewares/Third_Party/FreeRTOS/Source/tasks.o
 .bss.uxDeletedTasksWaitingCleanUp
                0x20000e1c        0x4 ./Middlewares/Third_Party/FreeRTOS/Source/tasks.o
 .bss.xSuspendedTaskList
                0x20000e20       0x14 ./Middlewares/Third_Party/FreeRTOS/Source/tasks.o
 .bss.uxCurrentNumberOfTasks
                0x20000e34        0x4 ./Middlewares/Third_Party/FreeRTOS/Source/tasks.o
 .bss.xTickCount
                0x20000e38        0x4 ./Middlewares/Third_Party/FreeRTOS/Source/tasks.o
 .bss.uxTopReadyPriority
                0x20000e3c        0x4 ./Middlewares/Third_Party/FreeRTOS/Source/tasks.o
 .bss.xSchedulerRunning
                0x20000e40        0x4 ./Middlewares/Third_Party/FreeRTOS/Source/tasks.o
 .bss.xPendedTicks
                0x20000e44        0x4 ./Middlewares/Third_Party/FreeRTOS/Source/tasks.o
 .bss.xYieldPending
                0x20000e48        0x4 ./Middlewares/Third_Party/FreeRTOS/Source/tasks.o
 .bss.xNumOfOverflows
                0x20000e4c        0x4 ./Middlewares/Third_Party/FreeRTOS/Source/tasks.o
 .bss.uxTaskNumber
                0x20000e50        0x4 ./Middlewares/Third_Party/FreeRTOS/Source/tasks.o
 .bss.xNextTaskUnblockTime
                0x20000e54        0x4 ./Middlewares/Third_Party/FreeRTOS/Source/tasks.o
 .bss.xIdleTaskHandle
                0x20000e58        0x4 ./Middlewares/Third_Party/FreeRTOS/Source/tasks.o
 .bss.uxSchedulerSuspended
                0x20000e5c        0x4 ./Middlewares/Third_Party/FreeRTOS/Source/tasks.o
 .bss.xActiveTimerList1
                0x20000e60       0x14 ./Middlewares/Third_Party/FreeRTOS/Source/timers.o
 .bss.xActiveTimerList2
                0x20000e74       0x14 ./Middlewares/Third_Party/FreeRTOS/Source/timers.o
 .bss.pxCurrentTimerList
                0x20000e88        0x4 ./Middlewares/Third_Party/FreeRTOS/Source/timers.o
 .bss.pxOverflowTimerList
                0x20000e8c        0x4 ./Middlewares/Third_Party/FreeRTOS/Source/timers.o
 .bss.xTimerQueue
                0x20000e90        0x4 ./Middlewares/Third_Party/FreeRTOS/Source/timers.o
 .bss.xTimerTaskHandle
                0x20000e94        0x4 ./Middlewares/Third_Party/FreeRTOS/Source/timers.o
 .bss.xLastTime.2
                0x20000e98        0x4 ./Middlewares/Third_Party/FreeRTOS/Source/timers.o
 .bss.ucStaticTimerQueueStorage.1
                0x20000e9c       0xa0 ./Middlewares/Third_Party/FreeRTOS/Source/timers.o
 .bss.xStaticTimerQueue.0
                0x20000f3c       0x50 ./Middlewares/Third_Party/FreeRTOS/Source/timers.o
 .bss.ucMaxSysCallPriority
                0x20000f8c        0x1 ./Middlewares/Third_Party/FreeRTOS/Source/portable/GCC/ARM_CM4F/port.o
 *fill*         0x20000f8d        0x3 
 .bss.ulMaxPRIGROUPValue
                0x20000f90        0x4 ./Middlewares/Third_Party/FreeRTOS/Source/portable/GCC/ARM_CM4F/port.o
 .bss.ucHeap    0x20000f94     0x3c00 ./Middlewares/Third_Party/FreeRTOS/Source/portable/MemMang/heap_4.o
 .bss.xStart    0x20004b94        0x8 ./Middlewares/Third_Party/FreeRTOS/Source/portable/MemMang/heap_4.o
 .bss.pxEnd     0x20004b9c        0x4 ./Middlewares/Third_Party/FreeRTOS/Source/portable/MemMang/heap_4.o
 .bss.xFreeBytesRemaining
                0x20004ba0        0x4 ./Middlewares/Third_Party/FreeRTOS/Source/portable/MemMang/heap_4.o
 .bss.xMinimumEverFreeBytesRemaining
                0x20004ba4        0x4 ./Middlewares/Third_Party/FreeRTOS/Source/portable/MemMang/heap_4.o
 .bss.xNumberOfSuccessfulAllocations
                0x20004ba8        0x4 ./Middlewares/Third_Party/FreeRTOS/Source/portable/MemMang/heap_4.o
 .bss.xNumberOfSuccessfulFrees
                0x20004bac        0x4 ./Middlewares/Third_Party/FreeRTOS/Source/portable/MemMang/heap_4.o
 .bss.xBlockAllocatedBit
                0x20004bb0        0x4 ./Middlewares/Third_Party/FreeRTOS/Source/portable/MemMang/heap_4.o
 .bss.hUsbHostFS
                0x20004bb4      0x3e4 ./USB_HOST/App/usb_host.o
                0x20004bb4                hUsbHostFS
 .bss.Appli_state
                0x20004f98        0x1 ./USB_HOST/App/usb_host.o
                0x20004f98                Appli_state
 *fill*         0x20004f99        0x3 
 .bss.hhcd_USB_OTG_FS
                0x20004f9c      0x3e0 ./USB_HOST/Target/usbh_conf.o
                0x20004f9c                hhcd_USB_OTG_FS
 .bss.__malloc_sbrk_start
                0x2000537c        0x4 C:/Users/capunom/STM32CubeIDE_2.2.0/STM32CubeIDE/plugins/com.st.stm32cube.ide.mcu.externaltools.gnu-tools-for-stm32.14.3.rel1.win32_1.0.100.202602081740/tools/bin/../lib/gcc/arm-none-eabi/14.3.1/../../../../arm-none-eabi/lib/thumb/v7e-m+fp/hard\libc_nano.a(libc_a-mallocr.o)
                0x2000537c                __malloc_sbrk_start
 .bss.__malloc_free_list
                0x20005380        0x4 C:/Users/capunom/STM32CubeIDE_2.2.0/STM32CubeIDE/plugins/com.st.stm32cube.ide.mcu.externaltools.gnu-tools-for-stm32.14.3.rel1.win32_1.0.100.202602081740/tools/bin/../lib/gcc/arm-none-eabi/14.3.1/../../../../arm-none-eabi/lib/thumb/v7e-m+fp/hard\libc_nano.a(libc_a-mallocr.o)
                0x20005380                __malloc_free_list
 .bss.__sf      0x20005384      0x138 C:/Users/capunom/STM32CubeIDE_2.2.0/STM32CubeIDE/plugins/com.st.stm32cube.ide.mcu.externaltools.gnu-tools-for-stm32.14.3.rel1.win32_1.0.100.202602081740/tools/bin/../lib/gcc/arm-none-eabi/14.3.1/../../../../arm-none-eabi/lib/thumb/v7e-m+fp/hard\libc_nano.a(libc_a-findfp.o)
                0x20005384                __sf
 .bss.errno     0x200054bc        0x4 C:/Users/capunom/STM32CubeIDE_2.2.0/STM32CubeIDE/plugins/com.st.stm32cube.ide.mcu.externaltools.gnu-tools-for-stm32.14.3.rel1.win32_1.0.100.202602081740/tools/bin/../lib/gcc/arm-none-eabi/14.3.1/../../../../arm-none-eabi/lib/thumb/v7e-m+fp/hard\libc_nano.a(libc_a-reent.o)
                0x200054bc                errno
 .bss.__lock___malloc_recursive_mutex
                0x200054c0        0x1 C:/Users/capunom/STM32CubeIDE_2.2.0/STM32CubeIDE/plugins/com.st.stm32cube.ide.mcu.externaltools.gnu-tools-for-stm32.14.3.rel1.win32_1.0.100.202602081740/tools/bin/../lib/gcc/arm-none-eabi/14.3.1/../../../../arm-none-eabi/lib/thumb/v7e-m+fp/hard\libc_nano.a(libc_a-lock.o)
                0x200054c0                __lock___malloc_recursive_mutex
 *(COMMON)
                0x200054c4                        . = ALIGN (0x4)
 *fill*         0x200054c1        0x3 
                0x200054c4                        _ebss = .
                0x200054c4                        __bss_end__ = _ebss

._user_heap_stack
                0x200054c4      0x604
                0x200054c8                        . = ALIGN (0x8)
 *fill*         0x200054c4        0x4 
                [!provide]                        PROVIDE (end = .)
                0x200054c8                        PROVIDE (_end = .)
                0x200056c8                        . = (. + _Min_Heap_Size)
 *fill*         0x200054c8      0x200 
                0x20005ac8                        . = (. + _Min_Stack_Size)
 *fill*         0x200056c8      0x400 
                0x20005ac8                        . = ALIGN (0x8)

/DISCARD/
 libc.a(*)
 libm.a(*)
 libgcc.a(*)

.ARM.attributes
                0x00000000       0x30
 *(.ARM.attributes)
 .ARM.attributes
                0x00000000       0x22 C:/Users/capunom/STM32CubeIDE_2.2.0/STM32CubeIDE/plugins/com.st.stm32cube.ide.mcu.externaltools.gnu-tools-for-stm32.14.3.rel1.win32_1.0.100.202602081740/tools/bin/../lib/gcc/arm-none-eabi/14.3.1/thumb/v7e-m+fp/hard/crti.o
 .ARM.attributes
                0x00000022       0x34 C:/Users/capunom/STM32CubeIDE_2.2.0/STM32CubeIDE/plugins/com.st.stm32cube.ide.mcu.externaltools.gnu-tools-for-stm32.14.3.rel1.win32_1.0.100.202602081740/tools/bin/../lib/gcc/arm-none-eabi/14.3.1/thumb/v7e-m+fp/hard/crtbegin.o
 .ARM.attributes
                0x00000056       0x34 ./Core/Src/freertos.o
 .ARM.attributes
                0x0000008a       0x34 ./Core/Src/main.o
 .ARM.attributes
                0x000000be       0x34 ./Core/Src/stm32f4xx_hal_msp.o
 .ARM.attributes
                0x000000f2       0x34 ./Core/Src/stm32f4xx_hal_timebase_tim.o
 .ARM.attributes
                0x00000126       0x34 ./Core/Src/stm32f4xx_it.o
 .ARM.attributes
                0x0000015a       0x34 ./Core/Src/sysmem.o
 .ARM.attributes
                0x0000018e       0x34 ./Core/Src/system_stm32f4xx.o
 .ARM.attributes
                0x000001c2       0x21 ./Core/Startup/startup_stm32f407vgtx.o
 .ARM.attributes
                0x000001e3       0x34 ./Drivers/STM32F4xx_HAL_Driver/Src/stm32f4xx_hal.o
 .ARM.attributes
                0x00000217       0x34 ./Drivers/STM32F4xx_HAL_Driver/Src/stm32f4xx_hal_adc.o
 .ARM.attributes
                0x0000024b       0x34 ./Drivers/STM32F4xx_HAL_Driver/Src/stm32f4xx_hal_cortex.o
 .ARM.attributes
                0x0000027f       0x34 ./Drivers/STM32F4xx_HAL_Driver/Src/stm32f4xx_hal_gpio.o
 .ARM.attributes
                0x000002b3       0x34 ./Drivers/STM32F4xx_HAL_Driver/Src/stm32f4xx_hal_hcd.o
 .ARM.attributes
                0x000002e7       0x34 ./Drivers/STM32F4xx_HAL_Driver/Src/stm32f4xx_hal_i2c.o
 .ARM.attributes
                0x0000031b       0x34 ./Drivers/STM32F4xx_HAL_Driver/Src/stm32f4xx_hal_i2s.o
 .ARM.attributes
                0x0000034f       0x34 ./Drivers/STM32F4xx_HAL_Driver/Src/stm32f4xx_hal_i2s_ex.o
 .ARM.attributes
                0x00000383       0x34 ./Drivers/STM32F4xx_HAL_Driver/Src/stm32f4xx_hal_rcc.o
 .ARM.attributes
                0x000003b7       0x34 ./Drivers/STM32F4xx_HAL_Driver/Src/stm32f4xx_hal_rcc_ex.o
 .ARM.attributes
                0x000003eb       0x34 ./Drivers/STM32F4xx_HAL_Driver/Src/stm32f4xx_hal_spi.o
 .ARM.attributes
                0x0000041f       0x34 ./Drivers/STM32F4xx_HAL_Driver/Src/stm32f4xx_hal_tim.o
 .ARM.attributes
                0x00000453       0x34 ./Drivers/STM32F4xx_HAL_Driver/Src/stm32f4xx_hal_tim_ex.o
 .ARM.attributes
                0x00000487       0x34 ./Drivers/STM32F4xx_HAL_Driver/Src/stm32f4xx_ll_usb.o
 .ARM.attributes
                0x000004bb       0x34 ./Middlewares/ST/STM32_USB_Host_Library/Class/CDC/Src/usbh_cdc.o
 .ARM.attributes
                0x000004ef       0x34 ./Middlewares/ST/STM32_USB_Host_Library/Core/Src/usbh_core.o
 .ARM.attributes
                0x00000523       0x34 ./Middlewares/ST/STM32_USB_Host_Library/Core/Src/usbh_ctlreq.o
 .ARM.attributes
                0x00000557       0x34 ./Middlewares/ST/STM32_USB_Host_Library/Core/Src/usbh_ioreq.o
 .ARM.attributes
                0x0000058b       0x34 ./Middlewares/ST/STM32_USB_Host_Library/Core/Src/usbh_pipes.o
 .ARM.attributes
                0x000005bf       0x34 ./Middlewares/Third_Party/FreeRTOS/Source/CMSIS_RTOS_V2/cmsis_os2.o
 .ARM.attributes
                0x000005f3       0x34 ./Middlewares/Third_Party/FreeRTOS/Source/list.o
 .ARM.attributes
                0x00000627       0x34 ./Middlewares/Third_Party/FreeRTOS/Source/queue.o
 .ARM.attributes
                0x0000065b       0x34 ./Middlewares/Third_Party/FreeRTOS/Source/tasks.o
 .ARM.attributes
                0x0000068f       0x34 ./Middlewares/Third_Party/FreeRTOS/Source/timers.o
 .ARM.attributes
                0x000006c3       0x34 ./Middlewares/Third_Party/FreeRTOS/Source/portable/GCC/ARM_CM4F/port.o
 .ARM.attributes
                0x000006f7       0x34 ./Middlewares/Third_Party/FreeRTOS/Source/portable/MemMang/heap_4.o
 .ARM.attributes