../Core/Src/main.c:120:5:main	8	static
../Core/Src/main.c:222:6:SystemClock_Config	88	static
../Core/Src/main.c:268:13:MX_ADC1_Init	24	static
../Core/Src/main.c:320:13:MX_I2C1_Init	8	static
../Core/Src/main.c:354:13:MX_I2S3_Init	8	static
../Core/Src/main.c:388:13:MX_SPI1_Init	8	static
../Core/Src/main.c:426:13:MX_GPIO_Init	56	static
../Core/Src/main.c:534:6:StartDefaultTask	16	static
../Core/Src/main.c:562:6:HAL_TIM_PeriodElapsedCallback	16	static
../Core/Src/main.c:580:6:Error_Handler	4	static,ignoring_inline_asm
